Copyright 1986-2022 Xilinx, Inc. All Rights Reserved. Copyright 2022-2025 Advanced Micro Devices, Inc. All Rights Reserved.
---------------------------------------------------------------------------------------------------------------------------------------------
| Tool Version : Vivado v.2025.1 (win64) Build 6140274 Thu May 22 00:12:29 MDT 2025
| Date         : Fri Jul 11 14:34:37 2025
| Host         : fsydere running 64-bit major release  (build 9200)
| Command      : report_control_sets -verbose -file IFM_bd_wrapper_control_sets_placed.rpt
| Design       : IFM_bd_wrapper
| Device       : xczu9eg
---------------------------------------------------------------------------------------------------------------------------------------------

Control Set Information

Table of Contents
-----------------
1. Summary
2. Histogram
3. Flip-Flop Distribution
4. Detailed Control Set Information

1. Summary
----------

+----------------------------------------------------------+-------+
|                          Status                          | Count |
+----------------------------------------------------------+-------+
| Total control sets                                       |    35 |
|    Minimum number of control sets                        |    35 |
|    Addition due to synthesis replication                 |     0 |
|    Addition due to physical synthesis replication        |     0 |
| Unused register locations in slices containing registers |    20 |
+----------------------------------------------------------+-------+
* Control sets can be merged at opt_design using control_set_merge or merge_equivalent_drivers
** Run report_qor_suggestions for automated merging and remapping suggestions


2. Histogram
------------

+--------------------+-------+
|       Fanout       | Count |
+--------------------+-------+
| Total control sets |    35 |
| >= 0 to < 4        |     0 |
| >= 4 to < 6        |     2 |
| >= 6 to < 8        |     3 |
| >= 8 to < 10       |     1 |
| >= 10 to < 12      |     0 |
| >= 12 to < 14      |     0 |
| >= 14 to < 16      |     3 |
| >= 16              |    26 |
+--------------------+-------+
* Control sets can be remapped at either synth_design or opt_design


3. Flip-Flop Distribution
-------------------------

+--------------+-----------------------+------------------------+-----------------+--------------+
| Clock Enable | Synchronous Set/Reset | Asynchronous Set/Reset | Total Registers | Total Slices |
+--------------+-----------------------+------------------------+-----------------+--------------+
| No           | No                    | No                     |           13664 |         1632 |
| No           | No                    | Yes                    |               0 |            0 |
| No           | Yes                   | No                     |            1030 |          182 |
| Yes          | No                    | No                     |             671 |           84 |
| Yes          | No                    | Yes                    |               0 |            0 |
| Yes          | Yes                   | No                     |             159 |           20 |
+--------------+-----------------------+------------------------+-----------------+--------------+


4. Detailed Control Set Information
-----------------------------------

+--------------+--------------------------------------------------------------------------------------------------------------------------------------------------------------------------------------+---------------------------------------------------------------------------------------------------------------------------------------------------------------------------------------------------------------------------------------------------------------------------------+------------------+----------------+--------------+
| Clock Signal |                                                                                     Enable Signal                                                                                    |                                                                                                                                 Set/Reset Signal                                                                                                                                | Slice Load Count | Bel Load Count | Bels / Slice |
+--------------+--------------------------------------------------------------------------------------------------------------------------------------------------------------------------------------+---------------------------------------------------------------------------------------------------------------------------------------------------------------------------------------------------------------------------------------------------------------------------------+------------------+----------------+--------------+
|  clk         |                                                                                                                                                                                      | IFM_bd_i/IFM_1/inst/ifm_struct/x2_delay_avarage_freq1/divide/ifm_div_gen_v5_1_i0_instance/U0/i_synth/i_nonzero_fract.i_synth/opt_high_radix.i_nonzero_fract.i_high_radix/i_iterative_unit/i_extra_digits.i_extra_pp_digit.i_extra_pp_digit_reg/opt_has_pipe.first_q[14]_i_1_n_0 |                1 |              4 |         4.00 |
|  clk         |                                                                                                                                                                                      | IFM_bd_i/IFM_1/inst/ifm_struct/x2_delay_avarage_freq/divide/ifm_div_gen_v5_1_i0_instance/U0/i_synth/i_nonzero_fract.i_synth/opt_high_radix.i_nonzero_fract.i_high_radix/i_iterative_unit/i_extra_digits.i_extra_pp_digit.i_extra_pp_digit_reg/opt_has_pipe.first_q[14]_i_1_n_0  |                1 |              4 |         4.00 |
|  clk         |                                                                                                                                                                                      | IFM_bd_i/IFM_1/inst/ifm_struct/x2_delay_avarage_freq/divide/ifm_div_gen_v5_1_i0_instance/U0/i_synth/i_nonzero_fract.i_synth/opt_high_radix.i_nonzero_fract.i_high_radix/i_fixed.i_fix_to_flt/i_fpo/FIX_TO_FLT_OP.SPD.OP/LZE/ZERO_DET_CC_1/norm_dist_skew[1]                     |                2 |              6 |         3.00 |
|  clk         |                                                                                                                                                                                      | IFM_bd_i/IFM_1/inst/ifm_struct/x2_delay_avarage_freq1/divide/ifm_div_gen_v5_1_i0_instance/U0/i_synth/i_nonzero_fract.i_synth/opt_high_radix.i_nonzero_fract.i_high_radix/i_fixed.i_fix_to_flt/i_fpo/FIX_TO_FLT_OP.SPD.OP/LZE/ZERO_DET_CC_1/norm_dist_skew[1]                    |                2 |              6 |         3.00 |
|  clk         |                                                                                                                                                                                      | IFM_bd_i/IFM_1/inst/ifm_struct/x2_delay_avarage_freq/divide/ifm_div_gen_v5_1_i0_instance/U0/i_synth/i_nonzero_fract.i_synth/opt_high_radix.i_nonzero_fract.i_high_radix/i_fix_prenorm.i_prenormalizer/i_layer[2].i_shift_ctrl/opt_has_pipe.first_q[3]                           |                4 |              7 |         1.75 |
|  clk         |                                                                                                                                                                                      | IFM_bd_i/IFM_1/inst/ifm_struct/x2_delay_avarage_freq1/divide/ifm_div_gen_v5_1_i0_instance/U0/i_synth/i_nonzero_fract.i_synth/opt_high_radix.i_nonzero_fract.i_high_radix/i_fix_prenorm.i_prenormalizer/i_layer[2].i_shift_ctrl/opt_has_pipe.first_q[3]                          |                4 |              8 |         2.00 |
|  clk         | IFM_bd_i/IFM_1/inst/ifm_struct/envelope_detection/threshold_detection/counter/core_ce                                                                                                |                                                                                                                                                                                                                                                                                 |                2 |             15 |         7.50 |
|  clk         |                                                                                                                                                                                      | IFM_bd_i/IFM_1/inst/ifm_struct/x2_delay_avarage_freq1/divide/ifm_div_gen_v5_1_i0_instance/U0/i_synth/i_nonzero_fract.i_synth/opt_high_radix.i_nonzero_fract.i_high_radix/i_iterative_unit/i_nd_del/opt_has_pipe.i_pipe[3].pipe_reg[3][0]_0                                      |                2 |             15 |         7.50 |
|  clk         |                                                                                                                                                                                      | IFM_bd_i/IFM_1/inst/ifm_struct/x2_delay_avarage_freq/divide/ifm_div_gen_v5_1_i0_instance/U0/i_synth/i_nonzero_fract.i_synth/opt_high_radix.i_nonzero_fract.i_high_radix/i_iterative_unit/i_nd_del/opt_has_pipe.i_pipe[3].pipe_reg[3][0]_0                                       |                3 |             15 |         5.00 |
|  clk         | IFM_bd_i/IFM_1/inst/ifm_struct/x2_delay_avarage_freq1/divide/ifm_div_gen_v5_1_i0_instance/U0/i_synth/i_has_input_skid.i_2to1/reg1_b_wr                                               |                                                                                                                                                                                                                                                                                 |                4 |             16 |         4.00 |
|  clk         | IFM_bd_i/IFM_1/inst/ifm_struct/x4_delay_instantenous_frequency/cordic_6_0/ifm_cordic_v6_0_i0_instance/U0/i_synth/i_synth/gen_cordic.output_stage/gen_rotation.gen_rdy_cr/rdy_cr      |                                                                                                                                                                                                                                                                                 |                3 |             16 |         5.33 |
|  clk         | IFM_bd_i/IFM_1/inst/ifm_struct/x2_delay_avarage_freq/divide/ifm_div_gen_v5_1_i0_instance/U0/i_synth/i_has_input_skid.i_2to1/p_4_in                                                   |                                                                                                                                                                                                                                                                                 |                3 |             16 |         5.33 |
|  clk         | IFM_bd_i/IFM_1/inst/ifm_struct/x2_delay_avarage_freq/divide/ifm_div_gen_v5_1_i0_instance/U0/i_synth/i_has_input_skid.i_2to1/reg1_b_wr                                                |                                                                                                                                                                                                                                                                                 |                3 |             16 |         5.33 |
|  clk         | IFM_bd_i/IFM_1/inst/ifm_struct/x2_delay_instantenous_frequency/cordic_6_0/ifm_cordic_v6_0_i0_instance/U0/i_synth/i_synth/gen_cordic.output_stage/gen_rotation.gen_rdy_cr/rdy_cr      |                                                                                                                                                                                                                                                                                 |                2 |             16 |         8.00 |
|  clk         | IFM_bd_i/IFM_1/inst/ifm_struct/x2_delay_avarage_freq1/divide/ifm_div_gen_v5_1_i0_instance/U0/i_synth/i_has_input_skid.i_2to1/p_4_in                                                  |                                                                                                                                                                                                                                                                                 |                4 |             16 |         4.00 |
|  clk         |                                                                                                                                                                                      | IFM_bd_i/IFM_1/inst/ifm_struct/x2_delay_avarage_freq/divide/ifm_div_gen_v5_1_i0_instance/U0/i_synth/i_nonzero_fract.i_synth/opt_high_radix.i_nonzero_fract.i_high_radix/i_fix_prenorm.i_prenormalizer/i_layer[4].i_shift_ctrl/opt_has_pipe.first_q[5]                           |               15 |             31 |         2.07 |
|  clk         |                                                                                                                                                                                      | IFM_bd_i/IFM_1/inst/ifm_struct/x2_delay_avarage_freq1/divide/ifm_div_gen_v5_1_i0_instance/U0/i_synth/i_nonzero_fract.i_synth/opt_high_radix.i_nonzero_fract.i_high_radix/i_fix_prenorm.i_prenormalizer/i_layer[4].i_shift_ctrl/opt_has_pipe.first_q[5]                          |               14 |             32 |         2.29 |
|  clk         | IFM_bd_i/IFM_1/inst/ifm_struct/envelope_detection/threshold_detection/mean/ifm_div_gen_v5_1_i1_instance/U0/i_synth/i_has_input_skid.i_2to1/gen_has_z_tready.reg1_a_tdata[46]_i_1_n_0 |                                                                                                                                                                                                                                                                                 |               15 |             47 |         3.13 |
|  clk         | IFM_bd_i/IFM_1/inst/ifm_struct/envelope_detection/threshold_detection/mean/ifm_div_gen_v5_1_i1_instance/U0/i_synth/i_has_input_skid.i_2to1/p_12_in                                   |                                                                                                                                                                                                                                                                                 |               14 |             47 |         3.36 |
|  clk         | IFM_bd_i/IFM_1/inst/ifm_struct/envelope_detection/threshold_detection/counter/not_op_net                                                                                             |                                                                                                                                                                                                                                                                                 |                6 |             48 |         8.00 |
|  clk         |                                                                                                                                                                                      | IFM_bd_i/IFM_1/inst/ifm_struct/x2_delay_avarage_freq/divide/ifm_div_gen_v5_1_i0_instance/U0/i_synth/i_nonzero_fract.i_synth/opt_high_radix.i_nonzero_fract.i_high_radix/i_fixed.i_fix_to_flt/i_fpo/FIX_TO_FLT_OP.SPD.OP/EXP/ZERO_DELAY/i_pipe/op_state[0]                       |               10 |             60 |         6.00 |
|  clk         |                                                                                                                                                                                      | IFM_bd_i/IFM_1/inst/ifm_struct/x2_delay_avarage_freq1/divide/ifm_div_gen_v5_1_i0_instance/U0/i_synth/i_nonzero_fract.i_synth/opt_high_radix.i_nonzero_fract.i_high_radix/i_fixed.i_fix_to_flt/i_fpo/FIX_TO_FLT_OP.SPD.OP/EXP/ZERO_DELAY/i_pipe/op_state[0]                      |               10 |             60 |         6.00 |
|  clk         | IFM_bd_i/IFM_1/inst/ifm_struct/x2_delay_avarage_freq/divide/ifm_div_gen_v5_1_i0_instance/U0/i_synth/i_has_input_skid.i_2to1/reg1_a_wr                                                |                                                                                                                                                                                                                                                                                 |               13 |             63 |         4.85 |
|  clk         | IFM_bd_i/IFM_1/inst/ifm_struct/x2_delay_avarage_freq/divide/ifm_div_gen_v5_1_i0_instance/U0/i_synth/i_has_input_skid.i_2to1/p_12_in                                                  |                                                                                                                                                                                                                                                                                 |               10 |             63 |         6.30 |
|  clk         | IFM_bd_i/IFM_1/inst/ifm_struct/x2_delay_avarage_freq1/divide/ifm_div_gen_v5_1_i0_instance/U0/i_synth/i_has_input_skid.i_2to1/p_12_in                                                 |                                                                                                                                                                                                                                                                                 |               10 |             64 |         6.40 |
|  clk         | IFM_bd_i/IFM_1/inst/ifm_struct/x2_delay_avarage_freq1/divide/ifm_div_gen_v5_1_i0_instance/U0/i_synth/i_has_input_skid.i_2to1/reg1_a_wr                                               |                                                                                                                                                                                                                                                                                 |               10 |             64 |         6.40 |
|  clk         | IFM_bd_i/IFM_1/inst/ifm_struct/x2_delay_instantenous_frequency/delay1/srl_delay.reg1/has_only_1.srlc33e_array0/inst_freq_valid[0]                                                    | IFM_bd_i/IFM_1/inst/ifm_struct/x2_delay_avarage_freq/delay1/srl_delay.reg1/has_only_1.srlc33e_array0/delay1_q_net_x0                                                                                                                                                            |               10 |             79 |         7.90 |
|  clk         | IFM_bd_i/IFM_1/inst/ifm_struct/x4_delay_instantenous_frequency/delay1/srl_delay.reg1/has_only_1.srlc33e_array0/delay1_q_net                                                          | IFM_bd_i/IFM_1/inst/ifm_struct/x2_delay_avarage_freq1/delay1/srl_delay.reg1/has_only_1.srlc33e_array0/delay1_q_net_x0                                                                                                                                                           |               10 |             80 |         8.00 |
|  clk         | IFM_bd_i/IFM_1/inst/ifm_struct/x2_delay_avarage_freq1/divide/ifm_div_gen_v5_1_i0_instance/U0/i_synth/i_nd_to_rdy/m_axis_dout_tvalid                                                  |                                                                                                                                                                                                                                                                                 |               11 |             82 |         7.45 |
|  clk         | IFM_bd_i/IFM_1/inst/ifm_struct/x2_delay_avarage_freq/divide/ifm_div_gen_v5_1_i0_instance/U0/i_synth/i_nd_to_rdy/m_axis_dout_tvalid                                                   |                                                                                                                                                                                                                                                                                 |               11 |             82 |         7.45 |
|  clk         |                                                                                                                                                                                      | IFM_bd_i/IFM_1/inst/ifm_struct/x2_delay_avarage_freq/divide/ifm_div_gen_v5_1_i0_instance/U0/i_synth/i_nonzero_fract.i_synth/opt_high_radix.i_nonzero_fract.i_high_radix/i_fix_prenorm.i_prenormalizer/i_layer[6].i_shift_ctrl/opt_has_pipe.first_q[7]                           |               28 |             84 |         3.00 |
|  clk         |                                                                                                                                                                                      | IFM_bd_i/IFM_1/inst/ifm_struct/x2_delay_avarage_freq1/divide/ifm_div_gen_v5_1_i0_instance/U0/i_synth/i_nonzero_fract.i_synth/opt_high_radix.i_nonzero_fract.i_high_radix/i_fix_prenorm.i_prenormalizer/i_layer[6].i_shift_ctrl/opt_has_pipe.first_q[7]                          |               24 |             84 |         3.50 |
|  clk         |                                                                                                                                                                                      | IFM_bd_i/IFM_1/inst/ifm_struct/x2_delay_avarage_freq/divide/ifm_div_gen_v5_1_i0_instance/U0/i_synth/i_nonzero_fract.i_synth/opt_high_radix.i_nonzero_fract.i_high_radix/nd_d1                                                                                                   |               38 |            307 |         8.08 |
|  clk         |                                                                                                                                                                                      | IFM_bd_i/IFM_1/inst/ifm_struct/x2_delay_avarage_freq1/divide/ifm_div_gen_v5_1_i0_instance/U0/i_synth/i_nonzero_fract.i_synth/opt_high_radix.i_nonzero_fract.i_high_radix/nd_d1                                                                                                  |               45 |            307 |         6.82 |
|  clk         |                                                                                                                                                                                      |                                                                                                                                                                                                                                                                                 |             1711 |          14609 |         8.54 |
+--------------+--------------------------------------------------------------------------------------------------------------------------------------------------------------------------------------+---------------------------------------------------------------------------------------------------------------------------------------------------------------------------------------------------------------------------------------------------------------------------------+------------------+----------------+--------------+


