Copyright 1986-2022 Xilinx, Inc. All Rights Reserved. Copyright 2022-2025 Advanced Micro Devices, Inc. All Rights Reserved.
---------------------------------------------------------------------------------------------------------------------------------------------
| Tool Version : Vivado v.2025.1 (win64) Build 6140274 Thu May 22 00:12:29 MDT 2025
| Date         : Thu Jul 17 17:12:12 2025
| Host         : DESKTOP-5G0J4EJ running 64-bit major release  (build 9200)
| Command      : report_control_sets -verbose -file IFM_bd_wrapper_control_sets_placed.rpt
| Design       : IFM_bd_wrapper
| Device       : xczu9eg
---------------------------------------------------------------------------------------------------------------------------------------------

Control Set Information

Table of Contents
-----------------
1. Summary
2. Histogram
3. Flip-Flop Distribution
4. Detailed Control Set Information

1. Summary
----------

+----------------------------------------------------------+-------+
|                          Status                          | Count |
+----------------------------------------------------------+-------+
| Total control sets                                       |    51 |
|    Minimum number of control sets                        |    51 |
|    Addition due to synthesis replication                 |     0 |
|    Addition due to physical synthesis replication        |     0 |
| Unused register locations in slices containing registers |    17 |
+----------------------------------------------------------+-------+
* Control sets can be merged at opt_design using control_set_merge or merge_equivalent_drivers
** Run report_qor_suggestions for automated merging and remapping suggestions


2. Histogram
------------

+--------------------+-------+
|       Fanout       | Count |
+--------------------+-------+
| Total control sets |    51 |
| >= 0 to < 4        |     0 |
| >= 4 to < 6        |     2 |
| >= 6 to < 8        |     3 |
| >= 8 to < 10       |     1 |
| >= 10 to < 12      |     0 |
| >= 12 to < 14      |     0 |
| >= 14 to < 16      |     2 |
| >= 16              |    43 |
+--------------------+-------+
* Control sets can be remapped at either synth_design or opt_design


3. Flip-Flop Distribution
-------------------------

+--------------+-----------------------+------------------------+-----------------+--------------+
| Clock Enable | Synchronous Set/Reset | Asynchronous Set/Reset | Total Registers | Total Slices |
+--------------+-----------------------+------------------------+-----------------+--------------+
| No           | No                    | No                     |            6372 |          942 |
| No           | No                    | Yes                    |               0 |            0 |
| No           | Yes                   | No                     |            1174 |          216 |
| Yes          | No                    | No                     |            1090 |          157 |
| Yes          | No                    | Yes                    |               0 |            0 |
| Yes          | Yes                   | No                     |             159 |           20 |
+--------------+-----------------------+------------------------+-----------------+--------------+


4. Detailed Control Set Information
-----------------------------------

+--------------+------------------------------------------------------------------------------------------------------------------------------------------------------------------------------------------------------------+--------------------------------------------------------------------------------------------------------------------------------------------------------------------------------------------------------------------------------------------------------------------------------+------------------+----------------+--------------+
| Clock Signal |                                                                                                Enable Signal                                                                                               |                                                                                                                                Set/Reset Signal                                                                                                                                | Slice Load Count | Bel Load Count | Bels / Slice |
+--------------+------------------------------------------------------------------------------------------------------------------------------------------------------------------------------------------------------------+--------------------------------------------------------------------------------------------------------------------------------------------------------------------------------------------------------------------------------------------------------------------------------+------------------+----------------+--------------+
|  clk         |                                                                                                                                                                                                            | IFM_bd_i/IFM_1/inst/ifm_struct/x2_delay_avarage_freq/divide/ifm_div_gen_v5_1_i0_instance/U0/i_synth/i_nonzero_fract.i_synth/opt_high_radix.i_nonzero_fract.i_high_radix/i_iterative_unit/i_extra_digits.i_extra_pp_digit.i_extra_pp_digit_reg/opt_has_pipe.first_q[14]_i_1_n_0 |                1 |              4 |         4.00 |
|  clk         |                                                                                                                                                                                                            | IFM_bd_i/IFM_1/inst/ifm_struct/x4_delay_avarage_freq/divide/ifm_div_gen_v5_1_i0_instance/U0/i_synth/i_nonzero_fract.i_synth/opt_high_radix.i_nonzero_fract.i_high_radix/i_iterative_unit/i_extra_digits.i_extra_pp_digit.i_extra_pp_digit_reg/opt_has_pipe.first_q[14]_i_1_n_0 |                1 |              4 |         4.00 |
|  clk         |                                                                                                                                                                                                            | IFM_bd_i/IFM_1/inst/ifm_struct/x2_delay_avarage_freq/divide/ifm_div_gen_v5_1_i0_instance/U0/i_synth/i_nonzero_fract.i_synth/opt_high_radix.i_nonzero_fract.i_high_radix/i_fixed.i_fix_to_flt/i_fpo/FIX_TO_FLT_OP.SPD.OP/LZE/ZERO_DET_CC_1/CARRYS_OUT[1]                        |                1 |              6 |         6.00 |
|  clk         |                                                                                                                                                                                                            | IFM_bd_i/IFM_1/inst/ifm_struct/x4_delay_avarage_freq/divide/ifm_div_gen_v5_1_i0_instance/U0/i_synth/i_nonzero_fract.i_synth/opt_high_radix.i_nonzero_fract.i_high_radix/i_fixed.i_fix_to_flt/i_fpo/FIX_TO_FLT_OP.SPD.OP/LZE/ZERO_DET_CC_1/CARRYS_OUT[1]                        |                1 |              6 |         6.00 |
|  clk         |                                                                                                                                                                                                            | IFM_bd_i/IFM_1/inst/ifm_struct/x2_delay_avarage_freq/divide/ifm_div_gen_v5_1_i0_instance/U0/i_synth/i_nonzero_fract.i_synth/opt_high_radix.i_nonzero_fract.i_high_radix/i_fix_prenorm.i_prenormalizer/i_layer[2].i_shift_ctrl/opt_has_pipe.first_q[3]                          |                5 |              7 |         1.40 |
|  clk         |                                                                                                                                                                                                            | IFM_bd_i/IFM_1/inst/ifm_struct/x4_delay_avarage_freq/divide/ifm_div_gen_v5_1_i0_instance/U0/i_synth/i_nonzero_fract.i_synth/opt_high_radix.i_nonzero_fract.i_high_radix/i_fix_prenorm.i_prenormalizer/i_layer[2].i_shift_ctrl/opt_has_pipe.first_q[3]                          |                5 |              8 |         1.60 |
|  clk         |                                                                                                                                                                                                            | IFM_bd_i/IFM_1/inst/ifm_struct/x4_delay_avarage_freq/divide/ifm_div_gen_v5_1_i0_instance/U0/i_synth/i_nonzero_fract.i_synth/opt_high_radix.i_nonzero_fract.i_high_radix/i_iterative_unit/i_nd_del/opt_has_pipe.i_pipe[3].pipe_reg[3][0]_0                                      |                6 |             15 |         2.50 |
|  clk         |                                                                                                                                                                                                            | IFM_bd_i/IFM_1/inst/ifm_struct/x2_delay_avarage_freq/divide/ifm_div_gen_v5_1_i0_instance/U0/i_synth/i_nonzero_fract.i_synth/opt_high_radix.i_nonzero_fract.i_high_radix/i_iterative_unit/i_nd_del/opt_has_pipe.i_pipe[3].pipe_reg[3][0]_0                                      |                5 |             15 |         3.00 |
|  clk         | IFM_bd_i/IFM_1/inst/ifm_struct/x2_delay_avarage_freq/divide/ifm_div_gen_v5_1_i0_instance/U0/i_synth/i_has_input_skid.i_2to1/reg1_b_wr                                                                      |                                                                                                                                                                                                                                                                                |                3 |             16 |         5.33 |
|  clk         | IFM_bd_i/IFM_1/inst/ifm_struct/x4_delay_avarage_freq/divide/ifm_div_gen_v5_1_i0_instance/U0/i_synth/i_has_input_skid.i_2to1/reg1_b_wr                                                                      |                                                                                                                                                                                                                                                                                |                3 |             16 |         5.33 |
|  clk         | IFM_bd_i/IFM_1/inst/ifm_struct/x4_delay_avarage_freq/divide/ifm_div_gen_v5_1_i0_instance/U0/i_synth/i_has_input_skid.i_2to1/p_4_in                                                                         |                                                                                                                                                                                                                                                                                |                3 |             16 |         5.33 |
|  clk         | IFM_bd_i/IFM_1/inst/ifm_struct/x2_delay_instantenous_frequency/cordic_6_0/ifm_cordic_v6_0_i0_instance/U0/i_synth/i_synth/gen_cordic.output_stage/gen_rotation.gen_rdy_cr/rdy_cr                            |                                                                                                                                                                                                                                                                                |                4 |             16 |         4.00 |
|  clk         | IFM_bd_i/IFM_1/inst/ifm_struct/x4_delay_instantenous_frequency/cordic_6_0/ifm_cordic_v6_0_i0_instance/U0/i_synth/i_synth/gen_cordic.output_stage/gen_rotation.gen_rdy_cr/rdy_cr                            |                                                                                                                                                                                                                                                                                |                2 |             16 |         8.00 |
|  clk         | IFM_bd_i/IFM_1/inst/ifm_struct/x2_delay_avarage_freq/divide/ifm_div_gen_v5_1_i0_instance/U0/i_synth/i_has_input_skid.i_2to1/p_4_in                                                                         |                                                                                                                                                                                                                                                                                |                2 |             16 |         8.00 |
|  clk         |                                                                                                                                                                                                            | IFM_bd_i/IFM_1/inst/ifm_struct/x2_delay_avarage_freq/divide/ifm_div_gen_v5_1_i0_instance/U0/i_synth/i_nonzero_fract.i_synth/opt_high_radix.i_nonzero_fract.i_high_radix/i_fix_prenorm.i_prenormalizer/i_layer[4].i_shift_ctrl/opt_has_pipe.first_q[5]                          |               12 |             31 |         2.58 |
|  clk         | IFM_bd_i/IFM_1/inst/ifm_struct/envelope_detection/signal_detection/fir_compiler_7_1/ifm_fir_compiler_v7_2_i0_instance/U0/i_synth/g_single_rate.i_single_rate/g_parallel.g_cntrl[2].cntrl_src[5]            |                                                                                                                                                                                                                                                                                |                3 |             32 |        10.67 |
|  clk         |                                                                                                                                                                                                            | IFM_bd_i/IFM_1/inst/ifm_struct/x4_delay_avarage_freq/divide/ifm_div_gen_v5_1_i0_instance/U0/i_synth/i_nonzero_fract.i_synth/opt_high_radix.i_nonzero_fract.i_high_radix/i_fix_prenorm.i_prenormalizer/i_layer[4].i_shift_ctrl/opt_has_pipe.first_q[5]                          |               10 |             32 |         3.20 |
|  clk         | IFM_bd_i/IFM_1/inst/ifm_struct/envelope_detection/signal_detection/fir_compiler_7_2/ifm_fir_compiler_v7_2_i0_instance/U0/i_synth/g_single_rate.i_single_rate/g_parallel.g_cntrl[4].cntrl_src[5]            |                                                                                                                                                                                                                                                                                |                2 |             32 |        16.00 |
|  clk         | IFM_bd_i/IFM_1/inst/ifm_struct/envelope_detection/signal_detection/fir_compiler_7_1/ifm_fir_compiler_v7_2_i0_instance/U0/i_synth/g_single_rate.i_single_rate/g_parallel.g_cntrl[5].cntrl_src[5]            |                                                                                                                                                                                                                                                                                |                3 |             32 |        10.67 |
|  clk         | IFM_bd_i/IFM_1/inst/ifm_struct/envelope_detection/signal_detection/fir_compiler_7_1/ifm_fir_compiler_v7_2_i0_instance/U0/i_synth/g_single_rate.i_single_rate/g_parallel.g_cntrl[7].cntrl_src[5]            |                                                                                                                                                                                                                                                                                |                2 |             32 |        16.00 |
|  clk         | IFM_bd_i/IFM_1/inst/ifm_struct/envelope_detection/signal_detection/fir_compiler_7_2/ifm_fir_compiler_v7_2_i0_instance/U0/i_synth/g_single_rate.i_single_rate/g_parallel.g_cntrl[5].cntrl_src[5]            |                                                                                                                                                                                                                                                                                |                3 |             32 |        10.67 |
|  clk         | IFM_bd_i/IFM_1/inst/ifm_struct/envelope_detection/signal_detection/fir_compiler_7_2/ifm_fir_compiler_v7_2_i0_instance/U0/i_synth/g_single_rate.i_single_rate/g_parallel.g_cntrl[6].cntrl_src[5]            |                                                                                                                                                                                                                                                                                |                3 |             32 |        10.67 |
|  clk         | IFM_bd_i/IFM_1/inst/ifm_struct/envelope_detection/signal_detection/fir_compiler_7_2/ifm_fir_compiler_v7_2_i0_instance/U0/i_synth/g_single_rate.i_single_rate/g_parallel.g_cntrl[7].cntrl_src[5]            |                                                                                                                                                                                                                                                                                |                3 |             32 |        10.67 |
|  clk         | IFM_bd_i/IFM_1/inst/ifm_struct/envelope_detection/signal_detection/fir_compiler_7_2/ifm_fir_compiler_v7_2_i0_instance/U0/i_synth/g_single_rate.i_single_rate/g_parallel.g_cntrl[2].cntrl_src[5]            |                                                                                                                                                                                                                                                                                |                2 |             32 |        16.00 |
|  clk         | IFM_bd_i/IFM_1/inst/ifm_struct/envelope_detection/signal_detection/fir_compiler_7_2/ifm_fir_compiler_v7_2_i0_instance/U0/i_synth/g_single_rate.i_single_rate/g_parallel.g_cntrl[3].cntrl_src[5]            |                                                                                                                                                                                                                                                                                |                2 |             32 |        16.00 |
|  clk         | IFM_bd_i/IFM_1/inst/ifm_struct/envelope_detection/signal_detection/fir_compiler_7_2/ifm_fir_compiler_v7_2_i0_instance/U0/i_synth/g_single_rate.i_single_rate/g_parallel.i_latch_op/latch_op_src            |                                                                                                                                                                                                                                                                                |               12 |             32 |         2.67 |
|  clk         | IFM_bd_i/IFM_1/inst/ifm_struct/envelope_detection/signal_detection/fir_compiler_7_2/ifm_fir_compiler_v7_2_i0_instance/U0/i_synth/g_single_rate.i_single_rate/g_parallel.g_cntrl[8].cntrl_src[5]            |                                                                                                                                                                                                                                                                                |                3 |             32 |        10.67 |
|  clk         | IFM_bd_i/IFM_1/inst/ifm_struct/envelope_detection/signal_detection/fir_compiler_7_1/ifm_fir_compiler_v7_2_i0_instance/U0/i_synth/g_single_rate.i_single_rate/g_parallel.i_latch_op/latch_op_src            |                                                                                                                                                                                                                                                                                |                3 |             32 |        10.67 |
|  clk         | IFM_bd_i/IFM_1/inst/ifm_struct/envelope_detection/signal_detection/fir_compiler_7_1/ifm_fir_compiler_v7_2_i0_instance/U0/i_synth/g_single_rate.i_single_rate/g_parallel.g_cntrl[3].cntrl_src[5]            |                                                                                                                                                                                                                                                                                |                4 |             32 |         8.00 |
|  clk         | IFM_bd_i/IFM_1/inst/ifm_struct/envelope_detection/signal_detection/fir_compiler_7_1/ifm_fir_compiler_v7_2_i0_instance/U0/i_synth/g_single_rate.i_single_rate/g_parallel.g_cntrl[4].cntrl_src[5]            |                                                                                                                                                                                                                                                                                |                4 |             32 |         8.00 |
|  clk         | IFM_bd_i/IFM_1/inst/ifm_struct/envelope_detection/signal_detection/fir_compiler_7_1/ifm_fir_compiler_v7_2_i0_instance/U0/i_synth/g_single_rate.i_single_rate/g_parallel.g_cntrl[6].cntrl_src[5]            |                                                                                                                                                                                                                                                                                |                4 |             32 |         8.00 |
|  clk         | IFM_bd_i/IFM_1/inst/ifm_struct/envelope_detection/signal_detection/fir_compiler_7_1/ifm_fir_compiler_v7_2_i0_instance/U0/i_synth/g_single_rate.i_single_rate/g_parallel.g_cntrl[8].cntrl_src[5]            |                                                                                                                                                                                                                                                                                |                2 |             32 |        16.00 |
|  clk         |                                                                                                                                                                                                            | IFM_bd_i/IFM_1/inst/ifm_struct/x2_delay_avarage_freq/divide/ifm_div_gen_v5_1_i0_instance/U0/i_synth/i_nonzero_fract.i_synth/opt_high_radix.i_nonzero_fract.i_high_radix/i_fixed.i_fix_to_flt/i_fpo/FIX_TO_FLT_OP.SPD.OP/EXP/ZERO_DELAY/i_pipe/op_state[0]                      |               13 |             60 |         4.62 |
|  clk         |                                                                                                                                                                                                            | IFM_bd_i/IFM_1/inst/ifm_struct/x4_delay_avarage_freq/divide/ifm_div_gen_v5_1_i0_instance/U0/i_synth/i_nonzero_fract.i_synth/opt_high_radix.i_nonzero_fract.i_high_radix/i_fixed.i_fix_to_flt/i_fpo/FIX_TO_FLT_OP.SPD.OP/EXP/ZERO_DELAY/i_pipe/op_state[0]                      |               13 |             60 |         4.62 |
|  clk         | IFM_bd_i/IFM_1/inst/ifm_struct/x2_delay_avarage_freq/divide/ifm_div_gen_v5_1_i0_instance/U0/i_synth/i_has_input_skid.i_2to1/p_12_in                                                                        |                                                                                                                                                                                                                                                                                |               13 |             63 |         4.85 |
|  clk         | IFM_bd_i/IFM_1/inst/ifm_struct/x2_delay_avarage_freq/divide/ifm_div_gen_v5_1_i0_instance/U0/i_synth/i_has_input_skid.i_2to1/reg1_a_wr                                                                      |                                                                                                                                                                                                                                                                                |               15 |             63 |         4.20 |
|  clk         | IFM_bd_i/IFM_1/inst/ifm_struct/x4_delay_avarage_freq/divide/ifm_div_gen_v5_1_i0_instance/U0/i_synth/i_has_input_skid.i_2to1/reg1_a_wr                                                                      |                                                                                                                                                                                                                                                                                |               12 |             64 |         5.33 |
|  clk         | IFM_bd_i/IFM_1/inst/ifm_struct/x4_delay_avarage_freq/divide/ifm_div_gen_v5_1_i0_instance/U0/i_synth/i_has_input_skid.i_2to1/p_12_in                                                                        |                                                                                                                                                                                                                                                                                |               12 |             64 |         5.33 |
|  clk         |                                                                                                                                                                                                            | IFM_bd_i/IFM_1/inst/ifm_struct/x4_delay_avarage_freq/divide/ifm_div_gen_v5_1_i0_instance/U0/i_synth/i_nonzero_fract.i_synth/opt_high_radix.i_nonzero_fract.i_high_radix/i_iterative_unit/i_nd_pipe2/opt_has_pipe.first_q[0]                                                    |               16 |             72 |         4.50 |
|  clk         |                                                                                                                                                                                                            | IFM_bd_i/IFM_1/inst/ifm_struct/x2_delay_avarage_freq/divide/ifm_div_gen_v5_1_i0_instance/U0/i_synth/i_nonzero_fract.i_synth/opt_high_radix.i_nonzero_fract.i_high_radix/i_iterative_unit/i_nd_pipe2/opt_has_pipe.first_q[0]                                                    |               20 |             72 |         3.60 |
|  clk         | IFM_bd_i/IFM_1/inst/ifm_struct/x2_delay_instantenous_frequency/delay1/srl_delay.reg1/has_only_1.srlc33e_array0/delay1_q_net_x0                                                                             | IFM_bd_i/IFM_1/inst/ifm_struct/x2_delay_avarage_freq/delay1/srl_delay.reg1/has_only_1.srlc33e_array0/delay1_q_net_x0_0                                                                                                                                                         |               10 |             79 |         7.90 |
|  clk         | IFM_bd_i/IFM_1/inst/ifm_struct/x4_delay_instantenous_frequency/delay1/srl_delay.reg1/has_only_1.srlc33e_array0/delay1_q_net                                                                                | IFM_bd_i/IFM_1/inst/ifm_struct/x4_delay_avarage_freq/delay1/srl_delay.reg1/has_only_1.srlc33e_array0/delay1_q_net_x0                                                                                                                                                           |               10 |             80 |         8.00 |
|  clk         | IFM_bd_i/IFM_1/inst/ifm_struct/x4_delay_avarage_freq/divide/ifm_div_gen_v5_1_i0_instance/U0/i_synth/i_nd_to_rdy/m_axis_dout_tvalid                                                                         |                                                                                                                                                                                                                                                                                |               11 |             82 |         7.45 |
|  clk         | IFM_bd_i/IFM_1/inst/ifm_struct/x2_delay_avarage_freq/divide/ifm_div_gen_v5_1_i0_instance/U0/i_synth/i_nd_to_rdy/m_axis_dout_tvalid                                                                         |                                                                                                                                                                                                                                                                                |               11 |             82 |         7.45 |
|  clk         |                                                                                                                                                                                                            | IFM_bd_i/IFM_1/inst/ifm_struct/x2_delay_avarage_freq/divide/ifm_div_gen_v5_1_i0_instance/U0/i_synth/i_nonzero_fract.i_synth/opt_high_radix.i_nonzero_fract.i_high_radix/i_fix_prenorm.i_prenormalizer/i_layer[6].i_shift_ctrl/opt_has_pipe.first_q[7]                          |               23 |             84 |         3.65 |
|  clk         |                                                                                                                                                                                                            | IFM_bd_i/IFM_1/inst/ifm_struct/x4_delay_avarage_freq/divide/ifm_div_gen_v5_1_i0_instance/U0/i_synth/i_nonzero_fract.i_synth/opt_high_radix.i_nonzero_fract.i_high_radix/i_fix_prenorm.i_prenormalizer/i_layer[6].i_shift_ctrl/opt_has_pipe.first_q[7]                          |               22 |             84 |         3.82 |
|  clk         | IFM_bd_i/IFM_1/inst/ifm_struct/envelope_detection/signal_detection/fir_compiler_7_1/ifm_fir_compiler_v7_2_i0_instance/U0/i_synth/g_single_rate.i_single_rate/g_parallel.i_cntrl_src/g_parallel.cntrl[-1]_4 |                                                                                                                                                                                                                                                                                |               30 |            160 |         5.33 |
|  clk         | IFM_bd_i/IFM_1/inst/ifm_struct/envelope_detection/signal_detection/fir_compiler_7_2/ifm_fir_compiler_v7_2_i0_instance/U0/i_synth/g_single_rate.i_single_rate/g_parallel.i_cntrl_src/g_parallel.cntrl[-1]_4 |                                                                                                                                                                                                                                                                                |               33 |            160 |         4.85 |
|  clk         |                                                                                                                                                                                                            | IFM_bd_i/IFM_1/inst/ifm_struct/x4_delay_avarage_freq/divide/ifm_div_gen_v5_1_i0_instance/U0/i_synth/i_nonzero_fract.i_synth/opt_high_radix.i_nonzero_fract.i_high_radix/nd_d1                                                                                                  |               45 |            307 |         6.82 |
|  clk         |                                                                                                                                                                                                            | IFM_bd_i/IFM_1/inst/ifm_struct/x2_delay_avarage_freq/divide/ifm_div_gen_v5_1_i0_instance/U0/i_synth/i_nonzero_fract.i_synth/opt_high_radix.i_nonzero_fract.i_high_radix/nd_d1                                                                                                  |               36 |            307 |         8.53 |
|  clk         |                                                                                                                                                                                                            |                                                                                                                                                                                                                                                                                |             1023 |           7613 |         7.44 |
+--------------+------------------------------------------------------------------------------------------------------------------------------------------------------------------------------------------------------------+--------------------------------------------------------------------------------------------------------------------------------------------------------------------------------------------------------------------------------------------------------------------------------+------------------+----------------+--------------+


