
*** Running vivado
    with args -log IFM_bd_wrapper.vdi -applog -m64 -product Vivado -messageDb vivado.pb -mode batch -source IFM_bd_wrapper.tcl -notrace



****** Vivado v2025.1 (64-bit)
  **** SW Build 6140274 on Thu May 22 00:12:29 MDT 2025
  **** IP Build 6138677 on Thu May 22 03:10:11 MDT 2025
  **** SharedData Build 6139179 on Tue May 20 17:58:58 MDT 2025
  **** Start of session at: Tue Jul 15 19:31:58 2025
    ** Copyright 1986-2022 Xilinx, Inc. All Rights Reserved.
    ** Copyright 2022-2025 Advanced Micro Devices, Inc. All Rights Reserved.

source IFM_bd_wrapper.tcl -notrace
Command: open_checkpoint C:/Users/fsydere/Workspace/IFM/Model_Composer/netlist/ip/IFM/src/ip_catalog/ifm.runs/impl_1/IFM_bd_wrapper.dcp
INFO: [Device 21-403] Loading part xczu9eg-ffvb1156-2-e
Netlist sorting complete. Time (s): cpu = 00:00:00 ; elapsed = 00:00:00.202 . Memory (MB): peak = 1531.516 ; gain = 0.000
INFO: [Netlist 29-17] Analyzing 477 Unisim elements for replacement
INFO: [Netlist 29-28] Unisim Transformation completed in 1 CPU seconds
INFO: [Project 1-479] Netlist was created with Vivado 2025.1
INFO: [Project 1-570] Preparing netlist for logic optimization
Read ShapeDB Complete: Time (s): cpu = 00:00:00 ; elapsed = 00:00:00.026 . Memory (MB): peak = 1531.516 ; gain = 0.000
INFO: [Timing 38-478] Restoring timing data from binary archive.
INFO: [Timing 38-479] Binary timing data restore complete.
INFO: [Project 1-856] Restoring constraints from binary archive.
INFO: [Project 1-853] Binary constraint restore complete.
Netlist sorting complete. Time (s): cpu = 00:00:00 ; elapsed = 00:00:00.006 . Memory (MB): peak = 2300.570 ; gain = 0.000
INFO: [Project 1-111] Unisim Transformation Summary:
  A total of 127 instances were transformed.
  DSP48E2 => DSP48E2 (DSP_ALU, DSP_A_B_DATA, DSP_C_DATA, DSP_MULTIPLIER, DSP_M_DATA, DSP_OUTPUT, DSP_PREADD, DSP_PREADD_DATA): 58 instances
  SRLC32E => SRL16E: 69 instances

INFO: [Project 1-604] Checkpoint was created with Vivado v2025.1 (64-bit) build 6140274
open_checkpoint: Time (s): cpu = 00:00:18 ; elapsed = 00:00:18 . Memory (MB): peak = 2300.570 ; gain = 2014.539
INFO: [IP_Flow 19-234] Refreshing IP repositories
INFO: [IP_Flow 19-1700] Loaded user IP repository 'c:/Users/fsydere/Workspace/IFM/Model_Composer/netlist/ip/IFM/src/ip'.
WARNING: [IP_Flow 19-3656] If you move the project, the path for repository 'c:/Users/fsydere/Workspace/IFM/Model_Composer/netlist/ip/IFM/src/ip' may become invalid. A better location for the repository would be in a path adjacent to the project. (Current project location is 'c:/Users/fsydere/Workspace/IFM/Model_Composer/netlist/ip/IFM/src/ip_catalog/ifm.runs/impl_1'.)
INFO: [IP_Flow 19-2313] Loaded Vivado IP repository 'C:/Xilinx/2025.1/Vivado/data/ip'.
WARNING: [IP_Flow 19-4995] The host OS only allows 260 characters in a normal path. The IP cache path is more than 80 characters. If you experience issues with IP caching, please consider changing the IP cache to a location with a shorter path. Alternately consider using the OS subst command to map part of the path to a drive letter. 
Current IP cache path is C:/Users/fsydere/Workspace/IFM/Model_Composer/netlist/ip/IFM/src/ip_catalog/ifm.cache/ip 
Command: opt_design
Attempting to get a license for feature 'Implementation' and/or device 'xczu9eg'
INFO: [Common 17-349] Got license for feature 'Implementation' and/or device 'xczu9eg'
Running DRC as a precondition to command opt_design

Starting DRC Task
INFO: [DRC 23-27] Running DRC with 2 threads
WARNING: [DRC 23-814] Not all possible (connectivity based) DRCs may have been run because this design is seen as Out of Context.
INFO: [Project 1-461] DRC finished with 0 Errors
INFO: [Project 1-462] Please refer to the DRC report (report_drc) for more information.

Time (s): cpu = 00:00:01 ; elapsed = 00:00:00.705 . Memory (MB): peak = 2352.059 ; gain = 50.512

Starting Cache Timing Information Task
Ending Cache Timing Information Task | Checksum: 16def3de5

Time (s): cpu = 00:00:01 ; elapsed = 00:00:00.509 . Memory (MB): peak = 2401.379 ; gain = 49.320

Starting Logic Optimization Task

Phase 1 Initialization

Phase 1.1 Core Generation And Design Setup
Phase 1.1 Core Generation And Design Setup | Checksum: 16def3de5

Time (s): cpu = 00:00:00 ; elapsed = 00:00:00.019 . Memory (MB): peak = 2847.848 ; gain = 0.000

Phase 1.2 Setup Constraints And Sort Netlist
Phase 1.2 Setup Constraints And Sort Netlist | Checksum: 16def3de5

Time (s): cpu = 00:00:00 ; elapsed = 00:00:00.027 . Memory (MB): peak = 2847.848 ; gain = 0.000
Phase 1 Initialization | Checksum: 16def3de5

Time (s): cpu = 00:00:00 ; elapsed = 00:00:00.028 . Memory (MB): peak = 2847.848 ; gain = 0.000

Phase 2 Timer Update And Timing Data Collection

Phase 2.1 Timer Update
Phase 2.1 Timer Update | Checksum: 16def3de5

Time (s): cpu = 00:00:01 ; elapsed = 00:00:00.382 . Memory (MB): peak = 2847.848 ; gain = 0.000

Phase 2.2 Timing Data Collection
Phase 2.2 Timing Data Collection | Checksum: 16def3de5

Time (s): cpu = 00:00:01 ; elapsed = 00:00:00.407 . Memory (MB): peak = 2847.848 ; gain = 0.000
Phase 2 Timer Update And Timing Data Collection | Checksum: 16def3de5

Time (s): cpu = 00:00:01 ; elapsed = 00:00:00.408 . Memory (MB): peak = 2847.848 ; gain = 0.000

Phase 3 Retarget
INFO: [Opt 31-1851] Number of loadless carry chains removed were: 0
INFO: [Opt 31-1834] Total Chains To Be Transformed Were: 0 AND Number of Transformed insts Created are: 0
INFO: [Opt 31-138] Pushed 0 inverter(s) to 0 load pin(s).
INFO: [Opt 31-49] Retargeted 0 cell(s).
Phase 3 Retarget | Checksum: 1669b80cf

Time (s): cpu = 00:00:01 ; elapsed = 00:00:00.499 . Memory (MB): peak = 2847.848 ; gain = 0.000
Retarget | Checksum: 1669b80cf
INFO: [Opt 31-389] Phase Retarget created 0 cells and removed 0 cells

Phase 4 Constant propagation
INFO: [Opt 31-138] Pushed 0 inverter(s) to 0 load pin(s).
Phase 4 Constant propagation | Checksum: 1669b80cf

Time (s): cpu = 00:00:01 ; elapsed = 00:00:00.532 . Memory (MB): peak = 2847.848 ; gain = 0.000
Constant propagation | Checksum: 1669b80cf
INFO: [Opt 31-389] Phase Constant propagation created 0 cells and removed 0 cells

Phase 5 Sweep
INFO: [Constraints 18-11670] Building netlist checker database with flags, 0x8
Done building netlist checker database: Time (s): cpu = 00:00:00 ; elapsed = 00:00:00.011 . Memory (MB): peak = 2847.848 ; gain = 0.000
Phase 5 Sweep | Checksum: 1669b80cf

Time (s): cpu = 00:00:01 ; elapsed = 00:00:00.706 . Memory (MB): peak = 2847.848 ; gain = 0.000
Sweep | Checksum: 1669b80cf
INFO: [Opt 31-389] Phase Sweep created 0 cells and removed 0 cells

Phase 6 BUFG optimization
INFO: [Opt 31-1077] Phase BUFG optimization inserted 0 global clock buffer(s) for CLOCK_LOW_FANOUT.
Phase 6 BUFG optimization | Checksum: 1669b80cf

Time (s): cpu = 00:00:01 ; elapsed = 00:00:00.765 . Memory (MB): peak = 2847.848 ; gain = 0.000
BUFG optimization | Checksum: 1669b80cf
INFO: [Opt 31-662] Phase BUFG optimization created 0 cells of which 0 are BUFGs and removed 0 cells.

Phase 7 Shift Register Optimization
INFO: [Opt 31-1064] SRL Remap converted 0 SRLs to 0 registers and converted 0 registers of register chains to 0 SRLs
Phase 7 Shift Register Optimization | Checksum: 1624131ae

Time (s): cpu = 00:00:01 ; elapsed = 00:00:00.798 . Memory (MB): peak = 2847.848 ; gain = 0.000
Shift Register Optimization | Checksum: 1624131ae
INFO: [Opt 31-389] Phase Shift Register Optimization created 5 cells and removed 16 cells

Phase 8 Post Processing Netlist
Phase 8 Post Processing Netlist | Checksum: 14884aa14

Time (s): cpu = 00:00:01 ; elapsed = 00:00:00.849 . Memory (MB): peak = 2847.848 ; gain = 0.000
Post Processing Netlist | Checksum: 14884aa14
INFO: [Opt 31-389] Phase Post Processing Netlist created 0 cells and removed 0 cells

Phase 9 Finalization

Phase 9.1 Finalizing Design Cores and Updating Shapes
Phase 9.1 Finalizing Design Cores and Updating Shapes | Checksum: 14b7243b0

Time (s): cpu = 00:00:01 ; elapsed = 00:00:00.911 . Memory (MB): peak = 2847.848 ; gain = 0.000

Phase 9.2 Verifying Netlist Connectivity

Starting Connectivity Check Task

Time (s): cpu = 00:00:01 ; elapsed = 00:00:00.013 . Memory (MB): peak = 2847.848 ; gain = 0.000
Phase 9.2 Verifying Netlist Connectivity | Checksum: 14b7243b0

Time (s): cpu = 00:00:02 ; elapsed = 00:00:00.925 . Memory (MB): peak = 2847.848 ; gain = 0.000
Phase 9 Finalization | Checksum: 14b7243b0

Time (s): cpu = 00:00:02 ; elapsed = 00:00:00.926 . Memory (MB): peak = 2847.848 ; gain = 0.000
Opt_design Change Summary
=========================


-------------------------------------------------------------------------------------------------------------------------
|  Phase                        |  #Cells created  |  #Cells Removed  |  #Constrained objects preventing optimizations  |
-------------------------------------------------------------------------------------------------------------------------
|  Retarget                     |               0  |               0  |                                              0  |
|  Constant propagation         |               0  |               0  |                                              0  |
|  Sweep                        |               0  |               0  |                                              0  |
|  BUFG optimization            |               0  |               0  |                                              0  |
|  Shift Register Optimization  |               5  |              16  |                                              0  |
|  Post Processing Netlist      |               0  |               0  |                                              0  |
-------------------------------------------------------------------------------------------------------------------------


Ending Logic Optimization Task | Checksum: 14b7243b0

Time (s): cpu = 00:00:02 ; elapsed = 00:00:00.927 . Memory (MB): peak = 2847.848 ; gain = 0.000

Starting Power Optimization Task
INFO: [Pwropt 34-132] Skipping clock gating for clocks with a period < 2.00 ns.
INFO: [Pwropt 34-9] Applying IDT optimizations ...
INFO: [Pwropt 34-10] Applying ODC optimizations ...
INFO: [Timing 38-35] Done setting XDC timing constraints.
Running Vector-less Activity Propagation...

Finished Running Vector-less Activity Propagation


Starting PowerOpt Patch Enables Task
INFO: [Pwropt 34-162] WRITE_MODE attribute of 0 BRAM(s) out of a total of 6 has been updated to save power. Run report_power_opt to get a complete listing of the BRAMs updated.
INFO: [Pwropt 34-201] Structural ODC has moved 0 WE to EN ports
Number of BRAM Ports augmented: 0 newly gated: 0 Total Ports: 12
Ending PowerOpt Patch Enables Task | Checksum: 14b7243b0

Time (s): cpu = 00:00:01 ; elapsed = 00:00:00.044 . Memory (MB): peak = 2940.062 ; gain = 0.000
Ending Power Optimization Task | Checksum: 14b7243b0

Time (s): cpu = 00:00:05 ; elapsed = 00:00:03 . Memory (MB): peak = 2940.062 ; gain = 92.215

Starting Final Cleanup Task
Ending Final Cleanup Task | Checksum: 14b7243b0

Time (s): cpu = 00:00:00 ; elapsed = 00:00:00.001 . Memory (MB): peak = 2940.062 ; gain = 0.000

Starting Netlist Obfuscation Task
Netlist sorting complete. Time (s): cpu = 00:00:00 ; elapsed = 00:00:00.006 . Memory (MB): peak = 2940.062 ; gain = 0.000
Ending Netlist Obfuscation Task | Checksum: 14b7243b0

Time (s): cpu = 00:00:00 ; elapsed = 00:00:00.007 . Memory (MB): peak = 2940.062 ; gain = 0.000
INFO: [Common 17-83] Releasing license: Implementation
39 Infos, 3 Warnings, 0 Critical Warnings and 0 Errors encountered.
opt_design completed successfully
opt_design: Time (s): cpu = 00:00:10 ; elapsed = 00:00:07 . Memory (MB): peak = 2940.062 ; gain = 638.516
INFO: [Vivado 12-24828] Executing command : report_drc -file IFM_bd_wrapper_drc_opted.rpt -pb IFM_bd_wrapper_drc_opted.pb -rpx IFM_bd_wrapper_drc_opted.rpx
Command: report_drc -file IFM_bd_wrapper_drc_opted.rpt -pb IFM_bd_wrapper_drc_opted.pb -rpx IFM_bd_wrapper_drc_opted.rpx
INFO: [IP_Flow 19-1839] IP Catalog is up to date.
INFO: [DRC 23-27] Running DRC with 2 threads
WARNING: [DRC 23-814] Not all possible (connectivity based) DRCs may have been run because this design is seen as Out of Context.
INFO: [Vivado_Tcl 2-168] The results of DRC are in file C:/Users/fsydere/Workspace/IFM/Model_Composer/netlist/ip/IFM/src/ip_catalog/ifm.runs/impl_1/IFM_bd_wrapper_drc_opted.rpt.
report_drc completed successfully
INFO: [Timing 38-35] Done setting XDC timing constraints.
INFO: [Timing 38-480] Writing timing data to binary archive.
Write ShapeDB Complete: Time (s): cpu = 00:00:00 ; elapsed = 00:00:00.020 . Memory (MB): peak = 2940.062 ; gain = 0.000
INFO: [Common 17-1381] The checkpoint 'C:/Users/fsydere/Workspace/IFM/Model_Composer/netlist/ip/IFM/src/ip_catalog/ifm.runs/impl_1/IFM_bd_wrapper_opt.dcp' has been generated.
Command: place_design
Attempting to get a license for feature 'Implementation' and/or device 'xczu9eg'
INFO: [Common 17-349] Got license for feature 'Implementation' and/or device 'xczu9eg'
INFO: [Common 17-83] Releasing license: Implementation
INFO: [DRC 23-27] Running DRC with 2 threads
WARNING: [DRC 23-814] Not all possible (connectivity based) DRCs may have been run because this design is seen as Out of Context.
INFO: [Vivado_Tcl 4-198] DRC finished with 0 Errors
INFO: [Vivado_Tcl 4-199] Please refer to the DRC report (report_drc) for more information.
Running DRC as a precondition to command place_design
INFO: [DRC 23-27] Running DRC with 2 threads
WARNING: [DRC 23-814] Not all possible (connectivity based) DRCs may have been run because this design is seen as Out of Context.
INFO: [Vivado_Tcl 4-198] DRC finished with 0 Errors
INFO: [Vivado_Tcl 4-199] Please refer to the DRC report (report_drc) for more information.
INFO: [Place 30-611] Multithreading enabled for place_design using a maximum of 2 CPUs

Starting Placer Task

Phase 1 Placer Initialization

Phase 1.1 Placer Initialization Netlist Sorting
Netlist sorting complete. Time (s): cpu = 00:00:00 ; elapsed = 00:00:00.007 . Memory (MB): peak = 2940.062 ; gain = 0.000
Phase 1.1 Placer Initialization Netlist Sorting | Checksum: f24dba41

Time (s): cpu = 00:00:00 ; elapsed = 00:00:00.012 . Memory (MB): peak = 2940.062 ; gain = 0.000
Netlist sorting complete. Time (s): cpu = 00:00:00 ; elapsed = 00:00:00.006 . Memory (MB): peak = 2940.062 ; gain = 0.000

Phase 1.2 IO Placement/ Clock Placement/ Build Placer Device
Phase 1.2 IO Placement/ Clock Placement/ Build Placer Device | Checksum: fd6ce1b7

Time (s): cpu = 00:00:07 ; elapsed = 00:00:08 . Memory (MB): peak = 3929.109 ; gain = 989.047

Phase 1.3 Build Placer Netlist Model
Phase 1.3 Build Placer Netlist Model | Checksum: 1ec6e00e3

Time (s): cpu = 00:00:11 ; elapsed = 00:00:10 . Memory (MB): peak = 3929.109 ; gain = 989.047

Phase 1.4 Constrain Clocks/Macros
Phase 1.4 Constrain Clocks/Macros | Checksum: 1ec6e00e3

Time (s): cpu = 00:00:11 ; elapsed = 00:00:10 . Memory (MB): peak = 3929.109 ; gain = 989.047
Phase 1 Placer Initialization | Checksum: 1ec6e00e3

Time (s): cpu = 00:00:11 ; elapsed = 00:00:10 . Memory (MB): peak = 3929.109 ; gain = 989.047

Phase 2 Global Placement

Phase 2.1 Floorplanning

Phase 2.1.1 Partition Driven Placement

Phase 2.1.1.1 PBP: Partition Driven Placement
Phase 2.1.1.1 PBP: Partition Driven Placement | Checksum: 1a82fe3df

Time (s): cpu = 00:00:12 ; elapsed = 00:00:11 . Memory (MB): peak = 3929.109 ; gain = 989.047

Phase 2.1.1.2 PBP: Clock Region Placement
INFO: [Place 30-3164] Check ILP status : ILP-based clock placer is skipped.
Phase 2.1.1.2 PBP: Clock Region Placement | Checksum: 1a1ceb1cd

Time (s): cpu = 00:00:12 ; elapsed = 00:00:11 . Memory (MB): peak = 3929.109 ; gain = 989.047

Phase 2.1.1.3 PBP: Compute Congestion
Phase 2.1.1.3 PBP: Compute Congestion | Checksum: 1a1ceb1cd

Time (s): cpu = 00:00:19 ; elapsed = 00:00:15 . Memory (MB): peak = 3929.109 ; gain = 989.047

Phase 2.1.1.4 PBP: UpdateTiming
Phase 2.1.1.4 PBP: UpdateTiming | Checksum: fe46307e

Time (s): cpu = 00:00:19 ; elapsed = 00:00:15 . Memory (MB): peak = 3929.109 ; gain = 989.047

Phase 2.1.1.5 PBP: Add part constraints
Phase 2.1.1.5 PBP: Add part constraints | Checksum: fe46307e

Time (s): cpu = 00:00:19 ; elapsed = 00:00:15 . Memory (MB): peak = 3929.109 ; gain = 989.047
Phase 2.1.1 Partition Driven Placement | Checksum: fe46307e

Time (s): cpu = 00:00:19 ; elapsed = 00:00:15 . Memory (MB): peak = 3929.109 ; gain = 989.047
Phase 2.1 Floorplanning | Checksum: fe46307e

Time (s): cpu = 00:00:19 ; elapsed = 00:00:15 . Memory (MB): peak = 3929.109 ; gain = 989.047

Phase 2.2 Update Timing before SLR Path Opt
Phase 2.2 Update Timing before SLR Path Opt | Checksum: fe46307e

Time (s): cpu = 00:00:19 ; elapsed = 00:00:15 . Memory (MB): peak = 3929.109 ; gain = 989.047

Phase 2.3 Post-Processing in Floorplanning
Phase 2.3 Post-Processing in Floorplanning | Checksum: fe46307e

Time (s): cpu = 00:00:19 ; elapsed = 00:00:15 . Memory (MB): peak = 3929.109 ; gain = 989.047

Phase 2.4 Global Place Phase1
Phase 2.4 Global Place Phase1 | Checksum: 145150e91

Time (s): cpu = 00:00:45 ; elapsed = 00:00:29 . Memory (MB): peak = 3929.109 ; gain = 989.047

Phase 2.5 Global Place Phase2

Phase 2.5.1 UpdateTiming Before Physical Synthesis
Phase 2.5.1 UpdateTiming Before Physical Synthesis | Checksum: 145150e91

Time (s): cpu = 00:00:46 ; elapsed = 00:00:30 . Memory (MB): peak = 3929.109 ; gain = 989.047

Phase 2.5.2 Physical Synthesis In Placer
INFO: [Physopt 32-1035] Found 0 LUTNM shape to break, 147 LUT instances to create LUTNM shape
INFO: [Physopt 32-1044] Break lutnm for timing: one critical 0, two critical 0, total 0, new lutff created 0
INFO: [Physopt 32-1138] End 1 Pass. Optimized 67 nets or LUTs. Breaked 0 LUT, combined 67 existing LUTs and moved 0 existing LUT
INFO: [Physopt 32-670] No setup violation found.  Equivalent Driver Rewiring was not performed.
INFO: [Physopt 32-65] No nets found for high-fanout optimization.
INFO: [Physopt 32-232] Optimized 0 net. Created 0 new instance.
INFO: [Physopt 32-775] End 1 Pass. Optimized 0 net or cell. Created 0 new cell, deleted 0 existing cell and moved 0 existing cell
INFO: [Physopt 32-670] No setup violation found.  DSP Register Optimization was not performed.
INFO: [Physopt 32-670] No setup violation found.  Shift Register to Pipeline Optimization was not performed.
INFO: [Physopt 32-670] No setup violation found.  Shift Register Optimization was not performed.
INFO: [Physopt 32-670] No setup violation found.  BRAM Register Optimization was not performed.
INFO: [Physopt 32-670] No setup violation found.  URAM Register Optimization was not performed.
INFO: [Physopt 32-949] No candidate nets found for dynamic/static region interface net replication
INFO: [Physopt 32-775] End 1 Pass. Optimized 0 net or cell. Created 0 new cell, deleted 0 existing cell and moved 0 existing cell
Netlist sorting complete. Time (s): cpu = 00:00:00 ; elapsed = 00:00:00.007 . Memory (MB): peak = 3929.109 ; gain = 0.000

Summary of Physical Synthesis Optimizations
============================================


-----------------------------------------------------------------------------------------------------------------------------------------------------------
|  Optimization                                     |  Added Cells  |  Removed Cells  |  Optimized Cells/Nets  |  Dont Touch  |  Iterations  |  Elapsed   |
-----------------------------------------------------------------------------------------------------------------------------------------------------------
|  LUT Combining                                    |            0  |             67  |                    67  |           0  |           1  |  00:00:00  |
|  Retime                                           |            0  |              0  |                     0  |           0  |           1  |  00:00:00  |
|  Equivalent Driver Rewiring                       |            0  |              0  |                     0  |           0  |           0  |  00:00:00  |
|  Very High Fanout                                 |            0  |              0  |                     0  |           0  |           1  |  00:00:00  |
|  DSP Register                                     |            0  |              0  |                     0  |           0  |           0  |  00:00:00  |
|  Shift Register to Pipeline                       |            0  |              0  |                     0  |           0  |           0  |  00:00:00  |
|  Shift Register                                   |            0  |              0  |                     0  |           0  |           0  |  00:00:00  |
|  BRAM Register                                    |            0  |              0  |                     0  |           0  |           0  |  00:00:00  |
|  URAM Register                                    |            0  |              0  |                     0  |           0  |           0  |  00:00:00  |
|  Dynamic/Static Region Interface Net Replication  |            0  |              0  |                     0  |           0  |           1  |  00:00:00  |
|  Total                                            |            0  |             67  |                    67  |           0  |           4  |  00:00:00  |
-----------------------------------------------------------------------------------------------------------------------------------------------------------


Phase 2.5.2 Physical Synthesis In Placer | Checksum: 1b36a1468

Time (s): cpu = 00:00:47 ; elapsed = 00:00:30 . Memory (MB): peak = 3929.109 ; gain = 989.047
Phase 2.5 Global Place Phase2 | Checksum: 1d2520e2f

Time (s): cpu = 00:00:54 ; elapsed = 00:00:34 . Memory (MB): peak = 3929.109 ; gain = 989.047
Phase 2 Global Placement | Checksum: 1d2520e2f

Time (s): cpu = 00:00:54 ; elapsed = 00:00:34 . Memory (MB): peak = 3929.109 ; gain = 989.047

Phase 3 Detail Placement

Phase 3.1 Commit Multi Column Macros
Phase 3.1 Commit Multi Column Macros | Checksum: fbae1d39

Time (s): cpu = 00:01:01 ; elapsed = 00:00:38 . Memory (MB): peak = 3929.109 ; gain = 989.047

Phase 3.2 Commit Most Macros & LUTRAMs
Phase 3.2 Commit Most Macros & LUTRAMs | Checksum: 1db5ea389

Time (s): cpu = 00:01:02 ; elapsed = 00:00:39 . Memory (MB): peak = 3929.109 ; gain = 989.047

Phase 3.3 Small Shape DP

Phase 3.3.1 Small Shape Clustering
Phase 3.3.1 Small Shape Clustering | Checksum: 1b7d78786

Time (s): cpu = 00:01:16 ; elapsed = 00:00:46 . Memory (MB): peak = 3929.109 ; gain = 989.047

Phase 3.3.2 Slice Area Swap

Phase 3.3.2.1 Slice Area Swap Initial
Phase 3.3.2.1 Slice Area Swap Initial | Checksum: 1f61146ea

Time (s): cpu = 00:01:23 ; elapsed = 00:00:50 . Memory (MB): peak = 3929.109 ; gain = 989.047
Phase 3.3.2 Slice Area Swap | Checksum: 1f61146ea

Time (s): cpu = 00:01:23 ; elapsed = 00:00:50 . Memory (MB): peak = 3929.109 ; gain = 989.047
Phase 3.3 Small Shape DP | Checksum: 14845142c

Time (s): cpu = 00:01:37 ; elapsed = 00:00:58 . Memory (MB): peak = 3929.109 ; gain = 989.047

Phase 3.4 Re-assign LUT pins
Phase 3.4 Re-assign LUT pins | Checksum: 1d4a2f25b

Time (s): cpu = 00:01:37 ; elapsed = 00:00:58 . Memory (MB): peak = 3929.109 ; gain = 989.047

Phase 3.5 Pipeline Register Optimization
Phase 3.5 Pipeline Register Optimization | Checksum: 1d7bc4a0f

Time (s): cpu = 00:01:37 ; elapsed = 00:00:58 . Memory (MB): peak = 3929.109 ; gain = 989.047
Phase 3 Detail Placement | Checksum: 1d7bc4a0f

Time (s): cpu = 00:01:37 ; elapsed = 00:00:58 . Memory (MB): peak = 3929.109 ; gain = 989.047

Phase 4 Post Placement Optimization and Clean-Up

Phase 4.1 Post Commit Optimization
INFO: [Timing 38-35] Done setting XDC timing constraints.

Phase 4.1.1 Post Placement Optimization
Post Placement Optimization Initialization | Checksum: 221dca224

Phase 4.1.1.1 BUFG Insertion

Starting Physical Synthesis Task

Phase 1 Physical Synthesis Initialization
INFO: [Physopt 32-721] Multithreading enabled for phys_opt_design using a maximum of 2 CPUs
INFO: [Physopt 32-619] Estimated Timing Summary | WNS=1.079 | TNS=0.000 |
Phase 1 Physical Synthesis Initialization | Checksum: 11e2838bc

Time (s): cpu = 00:00:00 ; elapsed = 00:00:00.201 . Memory (MB): peak = 3932.438 ; gain = 0.000
INFO: [Place 46-56] BUFG insertion identified 0 candidate nets. Inserted BUFG: 0, Replicated BUFG Driver: 0, Skipped due to Placement/Routing Conflicts: 0, Skipped due to Timing Degradation: 0, Skipped due to netlist editing failed: 0.
Ending Physical Synthesis Task | Checksum: 1f61d75ce

Time (s): cpu = 00:00:00 ; elapsed = 00:00:00.248 . Memory (MB): peak = 3932.438 ; gain = 0.000
Phase 4.1.1.1 BUFG Insertion | Checksum: 221dca224

Time (s): cpu = 00:01:49 ; elapsed = 00:01:06 . Memory (MB): peak = 3932.438 ; gain = 992.375

Phase 4.1.1.2 Post Placement Timing Optimization
INFO: [Place 30-746] Post Placement Timing Summary WNS=1.079. For the most accurate timing information please run report_timing.
Phase 4.1.1.2 Post Placement Timing Optimization | Checksum: 25252a4d5

Time (s): cpu = 00:01:49 ; elapsed = 00:01:06 . Memory (MB): peak = 3932.438 ; gain = 992.375

Time (s): cpu = 00:01:49 ; elapsed = 00:01:06 . Memory (MB): peak = 3932.438 ; gain = 992.375
Phase 4.1 Post Commit Optimization | Checksum: 25252a4d5

Time (s): cpu = 00:01:49 ; elapsed = 00:01:06 . Memory (MB): peak = 3932.438 ; gain = 992.375

Phase 4.2 Post Placement Cleanup
Phase 4.2 Post Placement Cleanup | Checksum: 25252a4d5

Time (s): cpu = 00:02:00 ; elapsed = 00:01:13 . Memory (MB): peak = 3948.375 ; gain = 1008.312

Phase 4.3 Placer Reporting

Phase 4.3.1 Print Estimated Congestion
INFO: [Place 30-612] Post-Placement Estimated Congestion 
 ________________________________________________________________________
|           | Global Congestion | Long Congestion   | Short Congestion  |
| Direction | Region Size       | Region Size       | Region Size       |
|___________|___________________|___________________|___________________|
|      North|                1x1|                1x1|                1x1|
|___________|___________________|___________________|___________________|
|      South|                1x1|                1x1|                1x1|
|___________|___________________|___________________|___________________|
|       East|                1x1|                1x1|                1x1|
|___________|___________________|___________________|___________________|
|       West|                1x1|                1x1|                1x1|
|___________|___________________|___________________|___________________|

Phase 4.3.1 Print Estimated Congestion | Checksum: 25252a4d5

Time (s): cpu = 00:02:00 ; elapsed = 00:01:13 . Memory (MB): peak = 3948.375 ; gain = 1008.312
Phase 4.3 Placer Reporting | Checksum: 25252a4d5

Time (s): cpu = 00:02:00 ; elapsed = 00:01:14 . Memory (MB): peak = 3948.375 ; gain = 1008.312

Phase 4.4 Final Placement Cleanup
Netlist sorting complete. Time (s): cpu = 00:00:00 ; elapsed = 00:00:00.007 . Memory (MB): peak = 3948.375 ; gain = 0.000

Time (s): cpu = 00:02:00 ; elapsed = 00:01:14 . Memory (MB): peak = 3948.375 ; gain = 1008.312
Phase 4 Post Placement Optimization and Clean-Up | Checksum: 21715deef

Time (s): cpu = 00:02:00 ; elapsed = 00:01:14 . Memory (MB): peak = 3948.375 ; gain = 1008.312
Ending Placer Task | Checksum: 161bc2679

Time (s): cpu = 00:02:00 ; elapsed = 00:01:14 . Memory (MB): peak = 3948.375 ; gain = 1008.312
76 Infos, 6 Warnings, 0 Critical Warnings and 0 Errors encountered.
place_design completed successfully
place_design: Time (s): cpu = 00:02:03 ; elapsed = 00:01:15 . Memory (MB): peak = 3948.375 ; gain = 1008.312
INFO: [Vivado 12-24838] Running report commands "report_control_sets, report_io, report_utilization" in parallel.
Running report generation with 2 threads.
INFO: [Vivado 12-24828] Executing command : report_utilization -file IFM_bd_wrapper_utilization_placed.rpt -pb IFM_bd_wrapper_utilization_placed.pb
INFO: [Vivado 12-24828] Executing command : report_io -file IFM_bd_wrapper_io_placed.rpt
report_io: Time (s): cpu = 00:00:00 ; elapsed = 00:00:00.082 . Memory (MB): peak = 3948.375 ; gain = 0.000
INFO: [Vivado 12-24828] Executing command : report_control_sets -verbose -file IFM_bd_wrapper_control_sets_placed.rpt
report_control_sets: Time (s): cpu = 00:00:00 ; elapsed = 00:00:00.015 . Memory (MB): peak = 3948.375 ; gain = 0.000
INFO: [Timing 38-480] Writing timing data to binary archive.
Write ShapeDB Complete: Time (s): cpu = 00:00:00 ; elapsed = 00:00:00.028 . Memory (MB): peak = 3948.375 ; gain = 0.000
Wrote PlaceDB: Time (s): cpu = 00:00:01 ; elapsed = 00:00:00.430 . Memory (MB): peak = 3948.375 ; gain = 0.000
Wrote PulsedLatchDB: Time (s): cpu = 00:00:00 ; elapsed = 00:00:00 . Memory (MB): peak = 3948.375 ; gain = 0.000
Writing XDEF routing.
Writing XDEF routing logical nets.
Writing XDEF routing special nets.
Wrote RouteStorage: Time (s): cpu = 00:00:01 ; elapsed = 00:00:00.093 . Memory (MB): peak = 3948.375 ; gain = 0.000
Wrote Netlist Cache: Time (s): cpu = 00:00:00 ; elapsed = 00:00:00.015 . Memory (MB): peak = 3948.375 ; gain = 0.000
Wrote Device Cache: Time (s): cpu = 00:00:00 ; elapsed = 00:00:00.013 . Memory (MB): peak = 3948.375 ; gain = 0.000
Write Physdb Complete: Time (s): cpu = 00:00:02 ; elapsed = 00:00:00.565 . Memory (MB): peak = 3948.375 ; gain = 0.000
INFO: [Common 17-1381] The checkpoint 'C:/Users/fsydere/Workspace/IFM/Model_Composer/netlist/ip/IFM/src/ip_catalog/ifm.runs/impl_1/IFM_bd_wrapper_placed.dcp' has been generated.
Command: phys_opt_design
Attempting to get a license for feature 'Implementation' and/or device 'xczu9eg'
INFO: [Common 17-349] Got license for feature 'Implementation' and/or device 'xczu9eg'

Starting Initial Update Timing Task
WARNING: [Timing 38-242] The property HD.CLK_SRC of clock port "clk" is not set. In out-of-context mode, this prevents timing estimation for clock delay/skew
Resolution: Set the HD.CLK_SRC property of the out-of-context port to the location of the clock buffer instance in the top-level design

Time (s): cpu = 00:00:02 ; elapsed = 00:00:01 . Memory (MB): peak = 3948.375 ; gain = 0.000
INFO: [Vivado_Tcl 4-2279] Estimated Timing Summary | WNS= 1.076 | TNS= 0.000 | 
INFO: [Vivado_Tcl 4-383] Design worst setup slack (WNS) is greater than or equal to 0.000 ns. All physical synthesis setup optimizations will be skipped.
INFO: [Vivado_Tcl 4-232] No setup violation found. The netlist was not modified.
INFO: [Common 17-83] Releasing license: Implementation
87 Infos, 7 Warnings, 0 Critical Warnings and 0 Errors encountered.
phys_opt_design completed successfully
INFO: [Timing 38-480] Writing timing data to binary archive.
Write ShapeDB Complete: Time (s): cpu = 00:00:00 ; elapsed = 00:00:00.028 . Memory (MB): peak = 3948.375 ; gain = 0.000
Wrote PlaceDB: Time (s): cpu = 00:00:01 ; elapsed = 00:00:00.430 . Memory (MB): peak = 3948.375 ; gain = 0.000
Wrote PulsedLatchDB: Time (s): cpu = 00:00:00 ; elapsed = 00:00:00 . Memory (MB): peak = 3948.375 ; gain = 0.000
Writing XDEF routing.
Writing XDEF routing logical nets.
Writing XDEF routing special nets.
Wrote RouteStorage: Time (s): cpu = 00:00:00 ; elapsed = 00:00:00.064 . Memory (MB): peak = 3948.375 ; gain = 0.000
Wrote Netlist Cache: Time (s): cpu = 00:00:00 ; elapsed = 00:00:00.015 . Memory (MB): peak = 3948.375 ; gain = 0.000
Wrote Device Cache: Time (s): cpu = 00:00:00 ; elapsed = 00:00:00.013 . Memory (MB): peak = 3948.375 ; gain = 0.000
Write Physdb Complete: Time (s): cpu = 00:00:01 ; elapsed = 00:00:00.535 . Memory (MB): peak = 3948.375 ; gain = 0.000
INFO: [Common 17-1381] The checkpoint 'C:/Users/fsydere/Workspace/IFM/Model_Composer/netlist/ip/IFM/src/ip_catalog/ifm.runs/impl_1/IFM_bd_wrapper_physopt.dcp' has been generated.
Command: route_design
Attempting to get a license for feature 'Implementation' and/or device 'xczu9eg'
INFO: [Common 17-349] Got license for feature 'Implementation' and/or device 'xczu9eg'


Starting Routing Task
INFO: [Route 35-254] Multithreading enabled for route_design using a maximum of 2 CPUs

Phase 1 Build RT Design
Checksum: PlaceDB: e43be82f ConstDB: 0 ShapeSum: 4e333a2 RouteDB: 789d0aa8
Nodegraph reading from file.  Time (s): cpu = 00:00:00 ; elapsed = 00:00:00.464 . Memory (MB): peak = 3948.375 ; gain = 0.000
WARNING: [Route 35-197] Clock port "clk" does not have an associated HD.CLK_SRC. Without this constraint, timing analysis may not be accurate and upstream checks cannot be done to ensure correct clock placement.
WARNING: [Route 35-198] Port "imagpart[0]" does not have an associated HD.PARTPIN_LOCS, which will prevent the partial routing of the signal "imagpart[0]". Without this partial route, timing analysis to/from this port will not be accurate, and no routing information for this port can be exported.
WARNING: [Route 35-198] Port "imagpart[10]" does not have an associated HD.PARTPIN_LOCS, which will prevent the partial routing of the signal "imagpart[10]". Without this partial route, timing analysis to/from this port will not be accurate, and no routing information for this port can be exported.
WARNING: [Route 35-198] Port "imagpart[11]" does not have an associated HD.PARTPIN_LOCS, which will prevent the partial routing of the signal "imagpart[11]". Without this partial route, timing analysis to/from this port will not be accurate, and no routing information for this port can be exported.
WARNING: [Route 35-198] Port "imagpart[12]" does not have an associated HD.PARTPIN_LOCS, which will prevent the partial routing of the signal "imagpart[12]". Without this partial route, timing analysis to/from this port will not be accurate, and no routing information for this port can be exported.
WARNING: [Route 35-198] Port "imagpart[13]" does not have an associated HD.PARTPIN_LOCS, which will prevent the partial routing of the signal "imagpart[13]". Without this partial route, timing analysis to/from this port will not be accurate, and no routing information for this port can be exported.
WARNING: [Route 35-198] Port "imagpart[14]" does not have an associated HD.PARTPIN_LOCS, which will prevent the partial routing of the signal "imagpart[14]". Without this partial route, timing analysis to/from this port will not be accurate, and no routing information for this port can be exported.
WARNING: [Route 35-198] Port "imagpart[15]" does not have an associated HD.PARTPIN_LOCS, which will prevent the partial routing of the signal "imagpart[15]". Without this partial route, timing analysis to/from this port will not be accurate, and no routing information for this port can be exported.
WARNING: [Route 35-198] Port "imagpart[1]" does not have an associated HD.PARTPIN_LOCS, which will prevent the partial routing of the signal "imagpart[1]". Without this partial route, timing analysis to/from this port will not be accurate, and no routing information for this port can be exported.
WARNING: [Route 35-198] Port "imagpart[2]" does not have an associated HD.PARTPIN_LOCS, which will prevent the partial routing of the signal "imagpart[2]". Without this partial route, timing analysis to/from this port will not be accurate, and no routing information for this port can be exported.
WARNING: [Route 35-198] Port "imagpart[3]" does not have an associated HD.PARTPIN_LOCS, which will prevent the partial routing of the signal "imagpart[3]". Without this partial route, timing analysis to/from this port will not be accurate, and no routing information for this port can be exported.
WARNING: [Route 35-198] Port "imagpart[4]" does not have an associated HD.PARTPIN_LOCS, which will prevent the partial routing of the signal "imagpart[4]". Without this partial route, timing analysis to/from this port will not be accurate, and no routing information for this port can be exported.
WARNING: [Route 35-198] Port "imagpart[5]" does not have an associated HD.PARTPIN_LOCS, which will prevent the partial routing of the signal "imagpart[5]". Without this partial route, timing analysis to/from this port will not be accurate, and no routing information for this port can be exported.
WARNING: [Route 35-198] Port "imagpart[6]" does not have an associated HD.PARTPIN_LOCS, which will prevent the partial routing of the signal "imagpart[6]". Without this partial route, timing analysis to/from this port will not be accurate, and no routing information for this port can be exported.
WARNING: [Route 35-198] Port "imagpart[7]" does not have an associated HD.PARTPIN_LOCS, which will prevent the partial routing of the signal "imagpart[7]". Without this partial route, timing analysis to/from this port will not be accurate, and no routing information for this port can be exported.
WARNING: [Route 35-198] Port "imagpart[8]" does not have an associated HD.PARTPIN_LOCS, which will prevent the partial routing of the signal "imagpart[8]". Without this partial route, timing analysis to/from this port will not be accurate, and no routing information for this port can be exported.
WARNING: [Route 35-198] Port "imagpart[9]" does not have an associated HD.PARTPIN_LOCS, which will prevent the partial routing of the signal "imagpart[9]". Without this partial route, timing analysis to/from this port will not be accurate, and no routing information for this port can be exported.
WARNING: [Route 35-198] Port "realpart[0]" does not have an associated HD.PARTPIN_LOCS, which will prevent the partial routing of the signal "realpart[0]". Without this partial route, timing analysis to/from this port will not be accurate, and no routing information for this port can be exported.
WARNING: [Route 35-198] Port "realpart[10]" does not have an associated HD.PARTPIN_LOCS, which will prevent the partial routing of the signal "realpart[10]". Without this partial route, timing analysis to/from this port will not be accurate, and no routing information for this port can be exported.
WARNING: [Route 35-198] Port "realpart[11]" does not have an associated HD.PARTPIN_LOCS, which will prevent the partial routing of the signal "realpart[11]". Without this partial route, timing analysis to/from this port will not be accurate, and no routing information for this port can be exported.
WARNING: [Route 35-198] Port "realpart[12]" does not have an associated HD.PARTPIN_LOCS, which will prevent the partial routing of the signal "realpart[12]". Without this partial route, timing analysis to/from this port will not be accurate, and no routing information for this port can be exported.
WARNING: [Route 35-198] Port "realpart[13]" does not have an associated HD.PARTPIN_LOCS, which will prevent the partial routing of the signal "realpart[13]". Without this partial route, timing analysis to/from this port will not be accurate, and no routing information for this port can be exported.
WARNING: [Route 35-198] Port "realpart[14]" does not have an associated HD.PARTPIN_LOCS, which will prevent the partial routing of the signal "realpart[14]". Without this partial route, timing analysis to/from this port will not be accurate, and no routing information for this port can be exported.
WARNING: [Route 35-198] Port "realpart[15]" does not have an associated HD.PARTPIN_LOCS, which will prevent the partial routing of the signal "realpart[15]". Without this partial route, timing analysis to/from this port will not be accurate, and no routing information for this port can be exported.
WARNING: [Route 35-198] Port "realpart[1]" does not have an associated HD.PARTPIN_LOCS, which will prevent the partial routing of the signal "realpart[1]". Without this partial route, timing analysis to/from this port will not be accurate, and no routing information for this port can be exported.
WARNING: [Route 35-198] Port "realpart[2]" does not have an associated HD.PARTPIN_LOCS, which will prevent the partial routing of the signal "realpart[2]". Without this partial route, timing analysis to/from this port will not be accurate, and no routing information for this port can be exported.
WARNING: [Route 35-198] Port "realpart[3]" does not have an associated HD.PARTPIN_LOCS, which will prevent the partial routing of the signal "realpart[3]". Without this partial route, timing analysis to/from this port will not be accurate, and no routing information for this port can be exported.
WARNING: [Route 35-198] Port "realpart[4]" does not have an associated HD.PARTPIN_LOCS, which will prevent the partial routing of the signal "realpart[4]". Without this partial route, timing analysis to/from this port will not be accurate, and no routing information for this port can be exported.
WARNING: [Route 35-198] Port "realpart[5]" does not have an associated HD.PARTPIN_LOCS, which will prevent the partial routing of the signal "realpart[5]". Without this partial route, timing analysis to/from this port will not be accurate, and no routing information for this port can be exported.
WARNING: [Route 35-198] Port "realpart[6]" does not have an associated HD.PARTPIN_LOCS, which will prevent the partial routing of the signal "realpart[6]". Without this partial route, timing analysis to/from this port will not be accurate, and no routing information for this port can be exported.
WARNING: [Route 35-198] Port "realpart[7]" does not have an associated HD.PARTPIN_LOCS, which will prevent the partial routing of the signal "realpart[7]". Without this partial route, timing analysis to/from this port will not be accurate, and no routing information for this port can be exported.
WARNING: [Route 35-198] Port "realpart[8]" does not have an associated HD.PARTPIN_LOCS, which will prevent the partial routing of the signal "realpart[8]". Without this partial route, timing analysis to/from this port will not be accurate, and no routing information for this port can be exported.
WARNING: [Route 35-198] Port "realpart[9]" does not have an associated HD.PARTPIN_LOCS, which will prevent the partial routing of the signal "realpart[9]". Without this partial route, timing analysis to/from this port will not be accurate, and no routing information for this port can be exported.
WARNING: [Route 35-198] Port "datavalid[0]" does not have an associated HD.PARTPIN_LOCS, which will prevent the partial routing of the signal "datavalid[0]". Without this partial route, timing analysis to/from this port will not be accurate, and no routing information for this port can be exported.
Post Restoration Checksum: NetGraph: 67b0e860 | NumContArr: e1d333e5 | Constraints: c2a8fa9d | Timing: c2a8fa9d
Phase 1 Build RT Design | Checksum: 2ced6117f

Time (s): cpu = 00:00:05 ; elapsed = 00:00:04 . Memory (MB): peak = 3948.375 ; gain = 0.000

Phase 2 Router Initialization

Phase 2.1 Fix Topology Constraints
Phase 2.1 Fix Topology Constraints | Checksum: 2ced6117f

Time (s): cpu = 00:00:05 ; elapsed = 00:00:04 . Memory (MB): peak = 3948.375 ; gain = 0.000

Phase 2.2 Pre Route Cleanup
Phase 2.2 Pre Route Cleanup | Checksum: 2ced6117f

Time (s): cpu = 00:00:05 ; elapsed = 00:00:04 . Memory (MB): peak = 3948.375 ; gain = 0.000

Phase 2.3 Global Clock Net Routing
Phase 2.3 Global Clock Net Routing | Checksum: 2ced6117f

Time (s): cpu = 00:00:06 ; elapsed = 00:00:05 . Memory (MB): peak = 3948.375 ; gain = 0.000

Phase 2.4 Update Timing
Phase 2.4 Update Timing | Checksum: 2ca130197

Time (s): cpu = 00:00:07 ; elapsed = 00:00:06 . Memory (MB): peak = 3948.375 ; gain = 0.000
INFO: [Route 35-416] Intermediate Timing Summary | WNS=1.195  | TNS=0.000  | WHS=0.003  | THS=0.000  |


Phase 2.5 Soft Constraint Pins - Fast Budgeting
Phase 2.5 Soft Constraint Pins - Fast Budgeting | Checksum: 243110080

Time (s): cpu = 00:00:10 ; elapsed = 00:00:07 . Memory (MB): peak = 3948.375 ; gain = 0.000

Router Utilization Summary
  Global Vertical Routing Utilization    = 0 %
  Global Horizontal Routing Utilization  = 0 %
  Routable Net Status*
  *Does not include unroutable nets such as driverless and loadless.
  Run report_route_status for detailed report.
  Number of Failed Nets               = 13043
    (Failed Nets is the sum of unrouted and partially routed nets)
  Number of Unrouted Nets             = 12370
  Number of Partially Routed Nets     = 673
  Number of Node Overlaps             = 0

Phase 2 Router Initialization | Checksum: 251227e74

Time (s): cpu = 00:00:10 ; elapsed = 00:00:08 . Memory (MB): peak = 3948.375 ; gain = 0.000

Phase 3 Global Routing
Phase 3 Global Routing | Checksum: 251227e74

Time (s): cpu = 00:00:11 ; elapsed = 00:00:08 . Memory (MB): peak = 3948.375 ; gain = 0.000

Phase 4 Initial Routing

Phase 4.1 Initial Net Routing Pass
Phase 4.1 Initial Net Routing Pass | Checksum: 2c03db0f7

Time (s): cpu = 00:00:12 ; elapsed = 00:00:09 . Memory (MB): peak = 3948.375 ; gain = 0.000
Phase 4 Initial Routing | Checksum: 3029d603c

Time (s): cpu = 00:00:13 ; elapsed = 00:00:09 . Memory (MB): peak = 3948.375 ; gain = 0.000

Phase 5 Rip-up And Reroute

Phase 5.1 Global Iteration 0
 Number of Nodes with overlaps = 814
 Number of Nodes with overlaps = 27
 Number of Nodes with overlaps = 0
INFO: [Route 35-416] Intermediate Timing Summary | WNS=0.609  | TNS=0.000  | WHS=0.025  | THS=0.000  |

Phase 5.1 Global Iteration 0 | Checksum: 16cfcdd96

Time (s): cpu = 00:00:17 ; elapsed = 00:00:12 . Memory (MB): peak = 3948.375 ; gain = 0.000

Phase 5.2 Additional Iteration for Hold
Phase 5.2 Additional Iteration for Hold | Checksum: 1902c4609

Time (s): cpu = 00:00:17 ; elapsed = 00:00:12 . Memory (MB): peak = 3948.375 ; gain = 0.000
Phase 5 Rip-up And Reroute | Checksum: 1902c4609

Time (s): cpu = 00:00:17 ; elapsed = 00:00:12 . Memory (MB): peak = 3948.375 ; gain = 0.000

Phase 6 Delay and Skew Optimization

Phase 6.1 Delay CleanUp
Phase 6.1 Delay CleanUp | Checksum: 1902c4609

Time (s): cpu = 00:00:17 ; elapsed = 00:00:12 . Memory (MB): peak = 3948.375 ; gain = 0.000

Phase 6.2 Clock Skew Optimization
Phase 6.2 Clock Skew Optimization | Checksum: 1902c4609

Time (s): cpu = 00:00:17 ; elapsed = 00:00:12 . Memory (MB): peak = 3948.375 ; gain = 0.000
Phase 6 Delay and Skew Optimization | Checksum: 1902c4609

Time (s): cpu = 00:00:18 ; elapsed = 00:00:12 . Memory (MB): peak = 3948.375 ; gain = 0.000

Phase 7 Post Hold Fix

Phase 7.1 Hold Fix Iter
INFO: [Route 35-416] Intermediate Timing Summary | WNS=0.609  | TNS=0.000  | WHS=0.025  | THS=0.000  |

Phase 7.1 Hold Fix Iter | Checksum: 168c93f67

Time (s): cpu = 00:00:19 ; elapsed = 00:00:12 . Memory (MB): peak = 3948.375 ; gain = 0.000
Phase 7 Post Hold Fix | Checksum: 168c93f67

Time (s): cpu = 00:00:19 ; elapsed = 00:00:12 . Memory (MB): peak = 3948.375 ; gain = 0.000

Phase 8 Route finalize

Router Utilization Summary
  Global Vertical Routing Utilization    = 0.2899 %
  Global Horizontal Routing Utilization  = 0.356856 %
  Routable Net Status*
  *Does not include unroutable nets such as driverless and loadless.
  Run report_route_status for detailed report.
  Number of Failed Nets               = 0
    (Failed Nets is the sum of unrouted and partially routed nets)
  Number of Unrouted Nets             = 0
  Number of Partially Routed Nets     = 0
  Number of Node Overlaps             = 0

Phase 8 Route finalize | Checksum: 168c93f67

Time (s): cpu = 00:00:19 ; elapsed = 00:00:12 . Memory (MB): peak = 3948.375 ; gain = 0.000

Phase 9 Verifying routed nets

 Verification completed successfully
Phase 9 Verifying routed nets | Checksum: 168c93f67

Time (s): cpu = 00:00:19 ; elapsed = 00:00:12 . Memory (MB): peak = 3948.375 ; gain = 0.000

Phase 10 Depositing Routes
Phase 10 Depositing Routes | Checksum: 168c93f67

Time (s): cpu = 00:00:19 ; elapsed = 00:00:13 . Memory (MB): peak = 3948.375 ; gain = 0.000

Phase 11 Resolve XTalk
Phase 11 Resolve XTalk | Checksum: 168c93f67

Time (s): cpu = 00:00:19 ; elapsed = 00:00:13 . Memory (MB): peak = 3948.375 ; gain = 0.000

Phase 12 Post Process Routing
Phase 12 Post Process Routing | Checksum: 168c93f67

Time (s): cpu = 00:00:19 ; elapsed = 00:00:13 . Memory (MB): peak = 3948.375 ; gain = 0.000

Phase 13 Post Router Timing
INFO: [Route 35-57] Estimated Timing Summary | WNS=0.609  | TNS=0.000  | WHS=0.025  | THS=0.000  |

INFO: [Route 35-327] The final timing numbers are based on the router estimated timing analysis. For a complete and accurate timing signoff, please run report_timing_summary.
Phase 13 Post Router Timing | Checksum: 168c93f67

Time (s): cpu = 00:00:19 ; elapsed = 00:00:13 . Memory (MB): peak = 3948.375 ; gain = 0.000
Total Elapsed time in route_design: 12.874 secs

Phase 14 Post-Route Event Processing
Phase 14 Post-Route Event Processing | Checksum: 11d8f3bcf

Time (s): cpu = 00:00:19 ; elapsed = 00:00:13 . Memory (MB): peak = 3948.375 ; gain = 0.000
INFO: [Route 35-16] Router Completed Successfully
Ending Routing Task | Checksum: 11d8f3bcf

Time (s): cpu = 00:00:20 ; elapsed = 00:00:13 . Memory (MB): peak = 3948.375 ; gain = 0.000

Routing Is Done.
INFO: [Common 17-83] Releasing license: Implementation
98 Infos, 41 Warnings, 0 Critical Warnings and 0 Errors encountered.
route_design completed successfully
route_design: Time (s): cpu = 00:00:20 ; elapsed = 00:00:13 . Memory (MB): peak = 3948.375 ; gain = 0.000
INFO: [Vivado 12-24828] Executing command : report_drc -file IFM_bd_wrapper_drc_routed.rpt -pb IFM_bd_wrapper_drc_routed.pb -rpx IFM_bd_wrapper_drc_routed.rpx
Command: report_drc -file IFM_bd_wrapper_drc_routed.rpt -pb IFM_bd_wrapper_drc_routed.pb -rpx IFM_bd_wrapper_drc_routed.rpx
INFO: [IP_Flow 19-1839] IP Catalog is up to date.
INFO: [DRC 23-27] Running DRC with 2 threads
WARNING: [DRC 23-814] Not all possible (connectivity based) DRCs may have been run because this design is seen as Out of Context.
INFO: [Vivado_Tcl 2-168] The results of DRC are in file C:/Users/fsydere/Workspace/IFM/Model_Composer/netlist/ip/IFM/src/ip_catalog/ifm.runs/impl_1/IFM_bd_wrapper_drc_routed.rpt.
report_drc completed successfully
INFO: [Vivado 12-24828] Executing command : report_methodology -file IFM_bd_wrapper_methodology_drc_routed.rpt -pb IFM_bd_wrapper_methodology_drc_routed.pb -rpx IFM_bd_wrapper_methodology_drc_routed.rpx
Command: report_methodology -file IFM_bd_wrapper_methodology_drc_routed.rpt -pb IFM_bd_wrapper_methodology_drc_routed.pb -rpx IFM_bd_wrapper_methodology_drc_routed.rpx
INFO: [Timing 38-35] Done setting XDC timing constraints.
WARNING: [Timing 38-242] The property HD.CLK_SRC of clock port "clk" is not set. In out-of-context mode, this prevents timing estimation for clock delay/skew
Resolution: Set the HD.CLK_SRC property of the out-of-context port to the location of the clock buffer instance in the top-level design
INFO: [DRC 23-133] Running Methodology with 2 threads
WARNING: [DRC 23-814] Not all possible (connectivity based) DRCs may have been run because this design is seen as Out of Context.
INFO: [Vivado_Tcl 2-1520] The results of Report Methodology are in file C:/Users/fsydere/Workspace/IFM/Model_Composer/netlist/ip/IFM/src/ip_catalog/ifm.runs/impl_1/IFM_bd_wrapper_methodology_drc_routed.rpt.
report_methodology completed successfully
INFO: [Vivado 12-24828] Executing command : report_timing_summary -max_paths 10 -routable_nets -report_unconstrained -file IFM_bd_wrapper_timing_summary_routed.rpt -pb IFM_bd_wrapper_timing_summary_routed.pb -rpx IFM_bd_wrapper_timing_summary_routed.rpx -warn_on_violation 
INFO: [Timing 38-35] Done setting XDC timing constraints.
INFO: [Timing 38-91] UpdateTimingParams: Speed grade: -2, Temperature grade: E, Delay Type: min_max.
INFO: [Timing 38-191] Multithreading enabled for timing update using a maximum of 2 CPUs
INFO: [Vivado 12-24838] Running report commands "report_incremental_reuse, report_route_status" in parallel.
Running report generation with 2 threads.
INFO: [Vivado 12-24828] Executing command : report_incremental_reuse -file IFM_bd_wrapper_incremental_reuse_routed.rpt
INFO: [Vivado_Tcl 4-1062] Incremental flow is disabled. No incremental reuse Info to report.
INFO: [Vivado 12-24828] Executing command : report_route_status -file IFM_bd_wrapper_route_status.rpt -pb IFM_bd_wrapper_route_status.pb
INFO: [Vivado 12-24828] Executing command : report_power -file IFM_bd_wrapper_power_routed.rpt -pb IFM_bd_wrapper_power_summary_routed.pb -rpx IFM_bd_wrapper_power_routed.rpx
Command: report_power -file IFM_bd_wrapper_power_routed.rpt -pb IFM_bd_wrapper_power_summary_routed.pb -rpx IFM_bd_wrapper_power_routed.rpx
Running Vector-less Activity Propagation...

Finished Running Vector-less Activity Propagation
115 Infos, 44 Warnings, 0 Critical Warnings and 0 Errors encountered.
report_power completed successfully
INFO: [Vivado 12-24828] Executing command : report_clock_utilization -file IFM_bd_wrapper_clock_utilization_routed.rpt
INFO: [Vivado 12-24828] Executing command : report_bus_skew -warn_on_violation -file IFM_bd_wrapper_bus_skew_routed.rpt -pb IFM_bd_wrapper_bus_skew_routed.pb -rpx IFM_bd_wrapper_bus_skew_routed.rpx
INFO: [Timing 38-91] UpdateTimingParams: Speed grade: -2, Temperature grade: E, Delay Type: min_max.
INFO: [Timing 38-191] Multithreading enabled for timing update using a maximum of 2 CPUs
generate_parallel_reports: Time (s): cpu = 00:00:19 ; elapsed = 00:00:13 . Memory (MB): peak = 3948.375 ; gain = 0.000
INFO: [Timing 38-480] Writing timing data to binary archive.
Write ShapeDB Complete: Time (s): cpu = 00:00:01 ; elapsed = 00:00:00.027 . Memory (MB): peak = 3948.375 ; gain = 0.000
Wrote PlaceDB: Time (s): cpu = 00:00:02 ; elapsed = 00:00:00.432 . Memory (MB): peak = 3948.375 ; gain = 0.000
Wrote PulsedLatchDB: Time (s): cpu = 00:00:00 ; elapsed = 00:00:00 . Memory (MB): peak = 3948.375 ; gain = 0.000
Writing XDEF routing.
Writing XDEF routing logical nets.
Writing XDEF routing special nets.
Wrote RouteStorage: Time (s): cpu = 00:00:00 ; elapsed = 00:00:00.116 . Memory (MB): peak = 3948.375 ; gain = 0.000
Wrote Netlist Cache: Time (s): cpu = 00:00:00 ; elapsed = 00:00:00.015 . Memory (MB): peak = 3948.375 ; gain = 0.000
Wrote Device Cache: Time (s): cpu = 00:00:00 ; elapsed = 00:00:00.013 . Memory (MB): peak = 3948.375 ; gain = 0.000
Write Physdb Complete: Time (s): cpu = 00:00:02 ; elapsed = 00:00:00.591 . Memory (MB): peak = 3948.375 ; gain = 0.000
INFO: [Common 17-1381] The checkpoint 'C:/Users/fsydere/Workspace/IFM/Model_Composer/netlist/ip/IFM/src/ip_catalog/ifm.runs/impl_1/IFM_bd_wrapper_routed.dcp' has been generated.
INFO: [Common 17-206] Exiting Vivado at Tue Jul 15 19:34:14 2025...
