#-----------------------------------------------------------
# Vivado v2025.1 (64-bit)
# SW Build 6140274 on Thu May 22 00:12:29 MDT 2025
# IP Build 6138677 on Thu May 22 03:10:11 MDT 2025
# SharedData Build 6139179 on Tue May 20 17:58:58 MDT 2025
# Start of session at: Thu Jul 10 18:26:55 2025
# Process ID         : 10932
# Current directory  : C:/Users/fsydere/Workspace/IFM/Model_Composer/netlist/ip/IFM/src/ip_catalog/ifm.runs/impl_1
# Command line       : vivado.exe -log IFM_bd_wrapper.vdi -applog -product Vivado -messageDb vivado.pb -mode batch -source IFM_bd_wrapper.tcl -notrace
# Log file           : C:/Users/fsydere/Workspace/IFM/Model_Composer/netlist/ip/IFM/src/ip_catalog/ifm.runs/impl_1/IFM_bd_wrapper.vdi
# Journal file       : C:/Users/fsydere/Workspace/IFM/Model_Composer/netlist/ip/IFM/src/ip_catalog/ifm.runs/impl_1\vivado.jou
# Running On         : DESKTOP-5G0J4EJ
# Platform           : Windows Server 2016 or Windows 10
# Operating System   : 26100
# Processor Detail   : Intel(R) Core(TM) i9-14900K
# CPU Frequency      : 3187 MHz
# CPU Physical cores : 24
# CPU Logical cores  : 32
# Host memory        : 34115 MB
# Swap memory        : 2147 MB
# Total Virtual      : 36262 MB
# Available Virtual  : 6430 MB
#-----------------------------------------------------------
source IFM_bd_wrapper.tcl -notrace
